Archive member included to satisfy reference by file (symbol)

/opt/microchip/xc32/v5.00/bin/bin/../../lib/gcc/pic32m/13.2.1/libgcc.a(floatunsisf.o)
                              build/default/production/ProjectSource/CommonDefinitions.o (__floatunsisf)
/opt/microchip/xc32/v5.00/bin/bin/../../lib/gcc/pic32m/13.2.1/../../../../pic32m/lib/libpic32.a(default-bootstrap-exception-handler.o)
                              /tmp/cckmVf8F.o (_bootstrap_exception_handler)
/opt/microchip/xc32/v5.00/bin/bin/../../lib/gcc/pic32m/13.2.1/../../../../pic32m/lib/libpic32.a(default-on-reset.o)
                              /tmp/cckmVf8F.o (_on_reset)
/opt/microchip/xc32/v5.00/bin/bin/../../lib/gcc/pic32m/13.2.1/../../../../pic32m/lib/libpic32.a(default-on-bootstrap.o)
                              /tmp/cckmVf8F.o (_on_bootstrap)
/opt/microchip/xc32/v5.00/bin/bin/../../lib/gcc/pic32m/13.2.1/../../../../pic32m/lib/libpic32.a(default-nmi-handler.o)
                              /tmp/cckmVf8F.o (_nmi_handler)
/opt/microchip/xc32/v5.00/bin/bin/../../lib/gcc/pic32m/13.2.1/../../../../pic32m/lib/libpic32.a(xc32_uart.o)
                              build/default/production/FrameworkSource/terminal.o (__XC_UART)
/opt/microchip/xc32/v5.00/bin/bin/../../lib/gcc/pic32m/13.2.1/../../../../pic32m/lib/libpic32.a(pic32_data_init_core.o)
                              /tmp/cckmVf8F.o (__pic32_data_init)
/opt/microchip/xc32/v5.00/bin/bin/../../lib/gcc/pic32m/13.2.1/../../../../pic32m/lib/libpic32.a(general-exception.o)
                              /tmp/cckmVf8F.o (_general_exception_context)
/opt/microchip/xc32/v5.00/bin/bin/../../lib/gcc/pic32m/13.2.1/../../../../pic32m/lib/libpic32.a(vector1.o)
                              /tmp/ccZ3wfy0.o (__vector_dispatch_1)
/opt/microchip/xc32/v5.00/bin/bin/../../lib/gcc/pic32m/13.2.1/../../../../pic32m/lib/libpic32.a(vector2.o)
                              /tmp/ccZ3wfy0.o (__vector_dispatch_2)
/opt/microchip/xc32/v5.00/bin/bin/../../lib/gcc/pic32m/13.2.1/../../../../pic32m/lib/libpic32.a(vector3.o)
                              /tmp/ccZ3wfy0.o (__vector_dispatch_3)
/opt/microchip/xc32/v5.00/bin/bin/../../lib/gcc/pic32m/13.2.1/../../../../pic32m/lib/libpic32.a(vector4.o)
                              /tmp/ccZ3wfy0.o (__vector_dispatch_4)
/opt/microchip/xc32/v5.00/bin/bin/../../lib/gcc/pic32m/13.2.1/../../../../pic32m/lib/libpic32.a(vector5.o)
                              /tmp/ccZ3wfy0.o (__vector_dispatch_5)
/opt/microchip/xc32/v5.00/bin/bin/../../lib/gcc/pic32m/13.2.1/../../../../pic32m/lib/libpic32.a(vector6.o)
                              /tmp/ccZ3wfy0.o (__vector_dispatch_6)
/opt/microchip/xc32/v5.00/bin/bin/../../lib/gcc/pic32m/13.2.1/../../../../pic32m/lib/libpic32.a(vector7.o)
                              /tmp/ccZ3wfy0.o (__vector_dispatch_7)
/opt/microchip/xc32/v5.00/bin/bin/../../lib/gcc/pic32m/13.2.1/../../../../pic32m/lib/libpic32.a(vector8.o)
                              /tmp/ccZ3wfy0.o (__vector_dispatch_8)
/opt/microchip/xc32/v5.00/bin/bin/../../lib/gcc/pic32m/13.2.1/../../../../pic32m/lib/libpic32.a(vector9.o)
                              /tmp/ccZ3wfy0.o (__vector_dispatch_9)
/opt/microchip/xc32/v5.00/bin/bin/../../lib/gcc/pic32m/13.2.1/../../../../pic32m/lib/libpic32.a(vector10.o)
                              /tmp/ccZ3wfy0.o (__vector_dispatch_10)
/opt/microchip/xc32/v5.00/bin/bin/../../lib/gcc/pic32m/13.2.1/../../../../pic32m/lib/libpic32.a(vector11.o)
                              /tmp/ccZ3wfy0.o (__vector_dispatch_11)
/opt/microchip/xc32/v5.00/bin/bin/../../lib/gcc/pic32m/13.2.1/../../../../pic32m/lib/libpic32.a(vector12.o)
                              /tmp/ccZ3wfy0.o (__vector_dispatch_12)
/opt/microchip/xc32/v5.00/bin/bin/../../lib/gcc/pic32m/13.2.1/../../../../pic32m/lib/libpic32.a(vector13.o)
                              /tmp/ccZ3wfy0.o (__vector_dispatch_13)
/opt/microchip/xc32/v5.00/bin/bin/../../lib/gcc/pic32m/13.2.1/../../../../pic32m/lib/libpic32.a(vector14.o)
                              /tmp/ccZ3wfy0.o (__vector_dispatch_14)
/opt/microchip/xc32/v5.00/bin/bin/../../lib/gcc/pic32m/13.2.1/../../../../pic32m/lib/libpic32.a(vector15.o)
                              /tmp/ccZ3wfy0.o (__vector_dispatch_15)
/opt/microchip/xc32/v5.00/bin/bin/../../lib/gcc/pic32m/13.2.1/../../../../pic32m/lib/libpic32.a(vector16.o)
                              /tmp/ccZ3wfy0.o (__vector_dispatch_16)
/opt/microchip/xc32/v5.00/bin/bin/../../lib/gcc/pic32m/13.2.1/../../../../pic32m/lib/libpic32.a(vector17.o)
                              /tmp/ccZ3wfy0.o (__vector_dispatch_17)
/opt/microchip/xc32/v5.00/bin/bin/../../lib/gcc/pic32m/13.2.1/../../../../pic32m/lib/libpic32.a(vector18.o)
                              /tmp/ccZ3wfy0.o (__vector_dispatch_18)
/opt/microchip/xc32/v5.00/bin/bin/../../lib/gcc/pic32m/13.2.1/../../../../pic32m/lib/libpic32.a(vector19.o)
                              /tmp/ccZ3wfy0.o (__vector_dispatch_19)
[...]
Memory Configuration

Name             Origin             Length             Attributes
kseg0_program_mem 0x9d000000         0x0003f000         xr
exception_mem    0x9d03f000         0x00001000
debug_exec_mem   0x9fc00490         0x00000760
kseg0_boot_mem   0x9fc00490         0x00000000
kseg1_boot_mem   0xbfc00000         0x00000490
config3          0xbfc00bf0         0x00000004
config2          0xbfc00bf4         0x00000004
config1          0xbfc00bf8         0x00000004
config0          0xbfc00bfc         0x00000004
kseg1_data_mem   0xa0000000         0x00010000         w!x
sfrs             0xbf800000         0x00100000
configsfrs       0xbfc00bf0         0x00000010
*default*        0x00000000         0xffffffff

Linker script and memory map

LOAD build/default/production/FrameworkSource/ES_CheckEvents.o
LOAD build/default/production/FrameworkSource/ES_DeferRecall.o
LOAD build/default/production/FrameworkSource/ES_Framework.o
LOAD build/default/production/FrameworkSource/ES_LookupTables.o
LOAD build/default/production/FrameworkSource/ES_Port.o
LOAD build/default/production/FrameworkSource/ES_PostList.o
LOAD build/default/production/FrameworkSource/ES_Queue.o
LOAD build/default/production/FrameworkSource/ES_Timers.o
LOAD build/default/production/FrameworkSource/terminal.o
LOAD build/default/production/FrameworkSource/circular_buffer_no_modulo_threadsafe.o
LOAD build/default/production/FrameworkSource/dbprintf.o
LOAD build/default/production/ProjectSource/EventCheckers.o
LOAD build/default/production/ProjectSource/TestHarnessService0.o
LOAD build/default/production/ProjectSource/main.o
LOAD build/default/production/ProjectSource/ADService.o
LOAD build/default/production/ProjectSource/PIC32_AD_Lib.o
LOAD build/default/production/ProjectSource/DCMotorService.o
LOAD build/default/production/ProjectSource/PIC32_SPI_HAL.o
LOAD build/default/production/ProjectSource/CommandRetrieveService.o
LOAD build/default/production/ProjectSource/MainLogicFSM.o
LOAD build/default/production/ProjectSource/Ports.o
LOAD build/default/production/ProjectSource/CommonDefinitions.o
                0x00000001                        __MPLAB_BUILD = 0x1
LOAD /tmp/cckmVf8F.o
LOAD /tmp/cc6UiQtu.o
LOAD /tmp/ccZ3wfy0.o
LOAD /opt/microchip/xc32/v5.00/bin/bin/../../lib/gcc/pic32m/13.2.1/../../../../pic32m/lib/debug-exception-return.o
LOAD /opt/microchip/xc32/v5.00/bin/bin/../../lib/gcc/pic32m/13.2.1/../../../../pic32m/lib/pic32_software_reset.o
LOAD /opt/microchip/xc32/v5.00/bin/bin/../../lib/gcc/pic32m/13.2.1/libgcc.a
START GROUP
LOAD /opt/microchip/xc32/v5.00/bin/bin/../../lib/gcc/pic32m/13.2.1/../../../../pic32m/lib/libpic32.a
LOAD /opt/microchip/xc32/v5.00/bin/bin/../../lib/gcc/pic32m/13.2.1/../../../../pic32m/lib/libc-size-musl.a
LOAD /opt/microchip/xc32/v5.00/bin/bin/../../lib/gcc/pic32m/13.2.1/../../../../pic32m/lib/liblmalloc-musl.a
LOAD /opt/microchip/xc32/v5.00/bin/bin/../../lib/gcc/pic32m/13.2.1/../../../../pic32m/lib/libdebug.a
LOAD /opt/microchip/xc32/v5.00/bin/bin/../../lib/gcc/pic32m/13.2.1/../../../../pic32m/lib/libc-musl.a
LOAD /opt/microchip/xc32/v5.00/bin/bin/../../lib/gcc/pic32m/13.2.1/../../../../pic32m/lib/libm.a
LOAD /opt/microchip/xc32/v5.00/bin/bin/../../lib/gcc/pic32m/13.2.1/../../../../pic32m/lib/libe.a
LOAD /opt/microchip/xc32/v5.00/bin/bin/../../lib/gcc/pic32m/13.2.1/../../../../pic32m/lib/libm-musl.a
LOAD /opt/microchip/xc32/v5.00/bin/bin/../../lib/gcc/pic32m/13.2.1/../../../../pic32m/lib/libdsp.a
END GROUP
LOAD /opt/microchip/xc32/v5.00/bin/bin/../../lib/gcc/pic32m/13.2.1/libgcc.a
                0x00000400                        PROVIDE (_min_stack_size = 0x400)
START GROUP
LOAD libmchp_peripheral.a
END GROUP
START GROUP
LOAD libmchp_peripheral_32MX170F256B.a
END GROUP
                0x00000001                        PROVIDE (_vector_spacing = 0x1)
                0x9d03f000                        PROVIDE (_ebase_address = 0x9d03f000)
                0xbfc00000                        _RESET_ADDR = 0xbfc00000
                0xbfc00380                        _BEV_EXCPT_ADDR = 0xbfc00380
                0xbfc00480                        _DBG_EXCPT_ADDR = 0xbfc00480
                0x9fc00490                        _DBG_CODE_ADDR = 0x9fc00490
                0x00000760                        _DBG_CODE_SIZE = 0x760
                0x9d03f180                        _GEN_EXCPT_ADDR = (_ebase_address + 0x180)

.config_BFC00BF0
                0xbfc00bf0        0x4
 *(.config_BFC00BF0)
 .config_BFC00BF0
                0xbfc00bf0        0x4 build/default/production/FrameworkSource/ES_Port.o
                0xbfc00bf0                __config_BFC00BF0

.config_BFC00BF4
                0xbfc00bf4        0x4
 *(.config_BFC00BF4)
 .config_BFC00BF4
                0xbfc00bf4        0x4 build/default/production/FrameworkSource/ES_Port.o
                0xbfc00bf4                __config_BFC00BF4

.config_BFC00BF8
                0xbfc00bf8        0x4
 *(.config_BFC00BF8)
 .config_BFC00BF8
                0xbfc00bf8        0x4 build/default/production/FrameworkSource/ES_Port.o
                0xbfc00bf8                __config_BFC00BF8

.config_BFC00BFC
                0xbfc00bfc        0x4
 *(.config_BFC00BFC)
 .config_BFC00BFC
                0xbfc00bfc        0x4 build/default/production/FrameworkSource/ES_Port.o
                0xbfc00bfc                __config_BFC00BFC

.reset          0xbfc00000      0x178
 *(.reset)
 .reset         0xbfc00000        0x8 /tmp/cckmVf8F.o
                0xbfc00000                _reset
 *(.reset.startup)
 .reset.startup
                0xbfc00008      0x170 /tmp/cckmVf8F.o
                0xbfc00008                _startup

.bev_excpt      0xbfc00380       0x10
 *(.bev_handler)
 .bev_handler   0xbfc00380       0x10 /tmp/cckmVf8F.o

.dbg_excpt      0xbfc00480        0x0
                0xbfc00480                        . = (. + DEFINED (_DEBUGGER)?0x8:0x0)

.dbg_code       0x9fc00490        0x0
                0x9fc00490                        . = (. + DEFINED (_DEBUGGER)?_DBG_CODE_SIZE:0x0)

.app_excpt      0x9d03f180       0x10
 *(.gen_handler)
 .gen_handler   0x9d03f180       0x10 /tmp/cckmVf8F.o

.vector_0       0x9d03f200        0x8
 *(.vector_0)
 .vector_0      0x9d03f200        0x8 build/default/production/FrameworkSource/ES_Port.o
                0x9d03f200                __vector_dispatch_0
                0x00000001                        ASSERT (((_vector_spacing == 0x0) || (SIZEOF (.vector_0) <= (_vector_spacing << 0x5))), function at exception vector 0 too large)

.vector_1       0x9d03f220        0x8
 *(.vector_1)
 .vector_1      0x9d03f220        0x8 /opt/microchip/xc32/v5.00/bin/bin/../../lib/gcc/pic32m/13.2.1/../../../../pic32m/lib/libpic32.a(vector1.o)
                0x9d03f220                __vector_dispatch_1
                0x00000001                        ASSERT (((_vector_spacing == 0x0) || (SIZEOF (.vector_1) <= (_vector_spacing << 0x5))), function at exception vector 1 too large)

.vector_2       0x9d03f240        0x8
 *(.vector_2)
 .vector_2      0x9d03f240        0x8 /opt/microchip/xc32/v5.00/bin/bin/../../lib/gcc/pic32m/13.2.1/../../../../pic32m/lib/libpic32.a(vector2.o)
                0x9d03f240                __vector_dispatch_2
                0x00000001                        ASSERT (((_vector_spacing == 0x0) || (SIZEOF (.vector_2) <= (_vector_spacing << 0x5))), function at exception vector 2 too large)

.vector_3       0x9d03f260        0x8
 *(.vector_3)
 .vector_3      0x9d03f260        0x8 /opt/microchip/xc32/v5.00/bin/bin/../../lib/gcc/pic32m/13.2.1/../../../../pic32m/lib/libpic32.a(vector3.o)
                0x9d03f260                __vector_dispatch_3
                0x00000001                        ASSERT (((_vector_spacing == 0x0) || (SIZEOF (.vector_3) <= (_vector_spacing << 0x5))), function at exception vector 3 too large)

.vector_4       0x9d03f280        0x8
 *(.vector_4)
 .vector_4      0x9d03f280        0x8 /opt/microchip/xc32/v5.00/bin/bin/../../lib/gcc/pic32m/13.2.1/../../../../pic32m/lib/libpic32.a(vector4.o)
                0x9d03f280                __vector_dispatch_4
                0x00000001                        ASSERT (((_vector_spacing == 0x0) || (SIZEOF (.vector_4) <= (_vector_spacing << 0x5))), function at exception vector 4 too large)

.vector_5       0x9d03f2a0        0x8
 *(.vector_5)
 .vector_5      0x9d03f2a0        0x8 /opt/microchip/xc32/v5.00/bin/bin/../../lib/gcc/pic32m/13.2.1/../../../../pic32m/lib/libpic32.a(vector5.o)
                0x9d03f2a0                __vector_dispatch_5
                0x00000001                        ASSERT (((_vector_spacing == 0x0) || (SIZEOF (.vector_5) <= (_vector_spacing << 0x5))), function at exception vector 5 too large)

.vector_6       0x9d03f2c0        0x8
 *(.vector_6)
 .vector_6      0x9d03f2c0        0x8 /opt/microchip/xc32/v5.00/bin/bin/../../lib/gcc/pic32m/13.2.1/../../../../pic32m/lib/libpic32.a(vector6.o)
                0x9d03f2c0                __vector_dispatch_6
                0x00000001                        ASSERT (((_vector_spacing == 0x0) || (SIZEOF (.vector_6) <= (_vector_spacing << 0x5))), function at exception vector 6 too large)

.vector_7       0x9d03f2e0        0x8
 *(.vector_7)
 .vector_7      0x9d03f2e0        0x8 /opt/microchip/xc32/v5.00/bin/bin/../../lib/gcc/pic32m/13.2.1/../../../../pic32m/lib/libpic32.a(vector7.o)
                0x9d03f2e0                __vector_dispatch_7
                0x00000001                        ASSERT (((_vector_spacing == 0x0) || (SIZEOF (.vector_7) <= (_vector_spacing << 0x5))), function at exception vector 7 too large)

.vector_8       0x9d03f300        0x8
 *(.vector_8)
 .vector_8      0x9d03f300        0x8 /opt/microchip/xc32/v5.00/bin/bin/../../lib/gcc/pic32m/13.2.1/../../../../pic32m/lib/libpic32.a(vector8.o)
                0x9d03f300                __vector_dispatch_8
                0x00000001                        ASSERT (((_vector_spacing == 0x0) || (SIZEOF (.vector_8) <= (_vector_spacing << 0x5))), function at exception vector 8 too large)

.vector_9       0x9d03f320        0x8
 *(.vector_9)
 .vector_9      0x9d03f320        0x8 /opt/microchip/xc32/v5.00/bin/bin/../../lib/gcc/pic32m/13.2.1/../../../../pic32m/lib/libpic32.a(vector9.o)
                0x9d03f320                __vector_dispatch_9
                0x00000001                        ASSERT (((_vector_spacing == 0x0) || (SIZEOF (.vector_9) <= (_vector_spacing << 0x5))), function at exception vector 9 too large)

.vector_10      0x9d03f340        0x8
 *(.vector_10)
 .vector_10     0x9d03f340        0x8 /opt/microchip/xc32/v5.00/bin/bin/../../lib/gcc/pic32m/13.2.1/../../../../pic32m/lib/libpic32.a(vector10.o)
                0x9d03f340                __vector_dispatch_10
                0x00000001                        ASSERT (((_vector_spacing == 0x0) || (SIZEOF (.vector_10) <= (_vector_spacing << 0x5))), function at exception vector 10 too large)

.vector_11      0x9d03f360        0x8
 *(.vector_11)
 .vector_11     0x9d03f360        0x8 /opt/microchip/xc32/v5.00/bin/bin/../../lib/gcc/pic32m/13.2.1/../../../../pic32m/lib/libpic32.a(vector11.o)
                0x9d03f360                __vector_dispatch_11
                0x00000001                        ASSERT (((_vector_spacing == 0x0) || (SIZEOF (.vector_11) <= (_vector_spacing << 0x5))), function at exception vector 11 too large)

.vector_12      0x9d03f380        0x8
 *(.vector_12)
 .vector_12     0x9d03f380        0x8 /opt/microchip/xc32/v5.00/bin/bin/../../lib/gcc/pic32m/13.2.1/../../../../pic32m/lib/libpic32.a(vector12.o)
                0x9d03f380                __vector_dispatch_12
                0x00000001                        ASSERT (((_vector_spacing == 0x0) || (SIZEOF (.vector_12) <= (_vector_spacing << 0x5))), function at exception vector 12 too large)

.vector_13      0x9d03f3a0        0x8
 *(.vector_13)
 .vector_13     0x9d03f3a0        0x8 /opt/microchip/xc32/v5.00/bin/bin/../../lib/gcc/pic32m/13.2.1/../../../../pic32m/lib/libpic32.a(vector13.o)
                0x9d03f3a0                __vector_dispatch_13
                0x00000001                        ASSERT (((_vector_spacing == 0x0) || (SIZEOF (.vector_13) <= (_vector_spacing << 0x5))), function at exception vector 13 too large)

.vector_14      0x9d03f3c0        0x8
 *(.vector_14)
 .vector_14     0x9d03f3c0        0x8 /opt/microchip/xc32/v5.00/bin/bin/../../lib/gcc/pic32m/13.2.1/../../../../pic32m/lib/libpic32.a(vector14.o)
                0x9d03f3c0                __vector_dispatch_14
                0x00000001                        ASSERT (((_vector_spacing == 0x0) || (SIZEOF (.vector_14) <= (_vector_spacing << 0x5))), function at exception vector 14 too large)

.vector_15      0x9d03f3e0        0x8
 *(.vector_15)
 .vector_15     0x9d03f3e0        0x8 /opt/microchip/xc32/v5.00/bin/bin/../../lib/gcc/pic32m/13.2.1/../../../../pic32m/lib/libpic32.a(vector15.o)
                0x9d03f3e0                __vector_dispatch_15
                0x00000001                        ASSERT (((_vector_spacing == 0x0) || (SIZEOF (.vector_15) <= (_vector_spacing << 0x5))), function at exception vector 15 too large)

.vector_16      0x9d03f400        0x8
 *(.vector_16)
 .vector_16     0x9d03f400        0x8 /opt/microchip/xc32/v5.00/bin/bin/../../lib/gcc/pic32m/13.2.1/../../../../pic32m/lib/libpic32.a(vector16.o)
                0x9d03f400                __vector_dispatch_16
                0x00000001                        ASSERT (((_vector_spacing == 0x0) || (SIZEOF (.vector_16) <= (_vector_spacing << 0x5))), function at exception vector 16 too large)

.vector_17      0x9d03f420        0x8
 *(.vector_17)
 .vector_17     0x9d03f420        0x8 /opt/microchip/xc32/v5.00/bin/bin/../../lib/gcc/pic32m/13.2.1/../../../../pic32m/lib/libpic32.a(vector17.o)
                0x9d03f420                __vector_dispatch_17
                0x00000001                        ASSERT (((_vector_spacing == 0x0) || (SIZEOF (.vector_17) <= (_vector_spacing << 0x5))), function at exception vector 17 too large)

.vector_18      0x9d03f440        0x8
 *(.vector_18)
 .vector_18     0x9d03f440        0x8 /opt/microchip/xc32/v5.00/bin/bin/../../lib/gcc/pic32m/13.2.1/../../../../pic32m/lib/libpic32.a(vector18.o)
                0x9d03f440                __vector_dispatch_18
                0x00000001                        ASSERT (((_vector_spacing == 0x0) || (SIZEOF (.vector_18) <= (_vector_spacing << 0x5))), function at exception vector 18 too large)

.vector_19      0x9d03f460        0x8
 *(.vector_19)
 .vector_19     0x9d03f460        0x8 /opt/microchip/xc32/v5.00/bin/bin/../../lib/gcc/pic32m/13.2.1/../../../../pic32m/lib/libpic32.a(vector19.o)
                0x9d03f460                __vector_dispatch_19
                0x00000001                        ASSERT (((_vector_spacing == 0x0) || (SIZEOF (.vector_19) <= (_vector_spacing << 0x5))), function at exception vector 19 too large)

.vector_20      0x9d03f480        0x8
 *(.vector_20)
 .vector_20     0x9d03f480        0x8 /opt/microchip/xc32/v5.00/bin/bin/../../lib/gcc/pic32m/13.2.1/../../../../pic32m/lib/libpic32.a(vector20.o)
                0x9d03f480                __vector_dispatch_20
                0x00000001                        ASSERT (((_vector_spacing == 0x0) || (SIZEOF (.vector_20) <= (_vector_spacing << 0x5))), function at exception vector 20 too large)

.vector_21      0x9d03f4a0        0x8
 *(.vector_21)
 .vector_21     0x9d03f4a0        0x8 /opt/microchip/xc32/v5.00/bin/bin/../../lib/gcc/pic32m/13.2.1/../../../../pic32m/lib/libpic32.a(vector21.o)
                0x9d03f4a0                __vector_dispatch_21
                0x00000001                        ASSERT (((_vector_spacing == 0x0) || (SIZEOF (.vector_21) <= (_vector_spacing << 0x5))), function at exception vector 21 too large)

.vector_22      0x9d03f4c0        0x8
 *(.vector_22)
 .vector_22     0x9d03f4c0        0x8 /opt/microchip/xc32/v5.00/bin/bin/../../lib/gcc/pic32m/13.2.1/../../../../pic32m/lib/libpic32.a(vector22.o)
                0x9d03f4c0                __vector_dispatch_22
                0x00000001                        ASSERT (((_vector_spacing == 0x0) || (SIZEOF (.vector_22) <= (_vector_spacing << 0x5))), function at exception vector 22 too large)

.vector_23      0x9d03f4e0        0x8
 *(.vector_23)
 .vector_23     0x9d03f4e0        0x8 /opt/microchip/xc32/v5.00/bin/bin/../../lib/gcc/pic32m/13.2.1/../../../../pic32m/lib/libpic32.a(vector23.o)
                0x9d03f4e0                __vector_dispatch_23
                0x00000001                        ASSERT (((_vector_spacing == 0x0) || (SIZEOF (.vector_23) <= (_vector_spacing << 0x5))), function at exception vector 23 too large)

.vector_24      0x9d03f500        0x8
 *(.vector_24)
 .vector_24     0x9d03f500        0x8 /opt/microchip/xc32/v5.00/bin/bin/../../lib/gcc/pic32m/13.2.1/../../../../pic32m/lib/libpic32.a(vector24.o)
                0x9d03f500                __vector_dispatch_24
                0x00000001                        ASSERT (((_vector_spacing == 0x0) || (SIZEOF (.vector_24) <= (_vector_spacing << 0x5))), function at exception vector 24 too large)

.vector_25      0x9d03f520        0x8
 *(.vector_25)
 .vector_25     0x9d03f520        0x8 /opt/microchip/xc32/v5.00/bin/bin/../../lib/gcc/pic32m/13.2.1/../../../../pic32m/lib/libpic32.a(vector25.o)
                0x9d03f520                __vector_dispatch_25
                0x00000001                        ASSERT (((_vector_spacing == 0x0) || (SIZEOF (.vector_25) <= (_vector_spacing << 0x5))), function at exception vector 25 too large)

.vector_26      0x9d03f540        0x8
 *(.vector_26)
 .vector_26     0x9d03f540        0x8 /opt/microchip/xc32/v5.00/bin/bin/../../lib/gcc/pic32m/13.2.1/../../../../pic32m/lib/libpic32.a(vector26.o)
                0x9d03f540                __vector_dispatch_26
                0x00000001                        ASSERT (((_vector_spacing == 0x0) || (SIZEOF (.vector_26) <= (_vector_spacing << 0x5))), function at exception vector 26 too large)

.vector_27      0x9d03f560        0x8
 *(.vector_27)
 .vector_27     0x9d03f560        0x8 /opt/microchip/xc32/v5.00/bin/bin/../../lib/gcc/pic32m/13.2.1/../../../../pic32m/lib/libpic32.a(vector27.o)
                0x9d03f560                __vector_dispatch_27
                0x00000001                        ASSERT (((_vector_spacing == 0x0) || (SIZEOF (.vector_27) <= (_vector_spacing << 0x5))), function at exception vector 27 too large)

.vector_28      0x9d03f580        0x8
 *(.vector_28)
 .vector_28     0x9d03f580        0x8 /opt/microchip/xc32/v5.00/bin/bin/../../lib/gcc/pic32m/13.2.1/../../../../pic32m/lib/libpic32.a(vector28.o)
                0x9d03f580                __vector_dispatch_28
                0x00000001                        ASSERT (((_vector_spacing == 0x0) || (SIZEOF (.vector_28) <= (_vector_spacing << 0x5))), function at exception vector 28 too large)

.vector_29      0x9d03f5a0        0x8
 *(.vector_29)
 .vector_29     0x9d03f5a0        0x8 /opt/microchip/xc32/v5.00/bin/bin/../../lib/gcc/pic32m/13.2.1/../../../../pic32m/lib/libpic32.a(vector29.o)
                0x9d03f5a0                __vector_dispatch_29
                0x00000001                        ASSERT (((_vector_spacing == 0x0) || (SIZEOF (.vector_29) <= (_vector_spacing << 0x5))), function at exception vector 29 too large)

.vector_30      0x9d03f5c0        0x8
 *(.vector_30)
 .vector_30     0x9d03f5c0        0x8 /opt/microchip/xc32/v5.00/bin/bin/../../lib/gcc/pic32m/13.2.1/../../../../pic32m/lib/libpic32.a(vector30.o)
                0x9d03f5c0                __vector_dispatch_30
                0x00000001                        ASSERT (((_vector_spacing == 0x0) || (SIZEOF (.vector_30) <= (_vector_spacing << 0x5))), function at exception vector 30 too large)

.vector_31      0x9d03f5e0        0x8
 *(.vector_31)
 .vector_31     0x9d03f5e0        0x8 /opt/microchip/xc32/v5.00/bin/bin/../../lib/gcc/pic32m/13.2.1/../../../../pic32m/lib/libpic32.a(vector31.o)
                0x9d03f5e0                __vector_dispatch_31
                0x00000001                        ASSERT (((_vector_spacing == 0x0) || (SIZEOF (.vector_31) <= (_vector_spacing << 0x5))), function at exception vector 31 too large)

.vector_32      0x9d03f600        0x8
 *(.vector_32)
 .vector_32     0x9d03f600        0x8 /opt/microchip/xc32/v5.00/bin/bin/../../lib/gcc/pic32m/13.2.1/../../../../pic32m/lib/libpic32.a(vector32.o)
                0x9d03f600                __vector_dispatch_32
                0x00000001                        ASSERT (((_vector_spacing == 0x0) || (SIZEOF (.vector_32) <= (_vector_spacing << 0x5))), function at exception vector 32 too large)

.vector_33      0x9d03f620        0x8
 *(.vector_33)
 .vector_33     0x9d03f620        0x8 /opt/microchip/xc32/v5.00/bin/bin/../../lib/gcc/pic32m/13.2.1/../../../../pic32m/lib/libpic32.a(vector33.o)
                0x9d03f620                __vector_dispatch_33
                0x00000001                        ASSERT (((_vector_spacing == 0x0) || (SIZEOF (.vector_33) <= (_vector_spacing << 0x5))), function at exception vector 33 too large)

.vector_34      0x9d03f640        0x8
 *(.vector_34)
 .vector_34     0x9d03f640        0x8 /opt/microchip/xc32/v5.00/bin/bin/../../lib/gcc/pic32m/13.2.1/../../../../pic32m/lib/libpic32.a(vector34.o)
                0x9d03f640                __vector_dispatch_34
                0x00000001                        ASSERT (((_vector_spacing == 0x0) || (SIZEOF (.vector_34) <= (_vector_spacing << 0x5))), function at exception vector 34 too large)

.vector_35      0x9d03f660        0x8
 *(.vector_35)
 .vector_35     0x9d03f660        0x8 /opt/microchip/xc32/v5.00/bin/bin/../../lib/gcc/pic32m/13.2.1/../../../../pic32m/lib/libpic32.a(vector35.o)
                0x9d03f660                __vector_dispatch_35
                0x00000001                        ASSERT (((_vector_spacing == 0x0) || (SIZEOF (.vector_35) <= (_vector_spacing << 0x5))), function at exception vector 35 too large)

.vector_36      0x9d03f680        0x8
 *(.vector_36)
 .vector_36     0x9d03f680        0x8 /opt/microchip/xc32/v5.00/bin/bin/../../lib/gcc/pic32m/13.2.1/../../../../pic32m/lib/libpic32.a(vector36.o)
                0x9d03f680                __vector_dispatch_36
                0x00000001                        ASSERT (((_vector_spacing == 0x0) || (SIZEOF (.vector_36) <= (_vector_spacing << 0x5))), function at exception vector 36 too large)

.vector_37      0x9d03f6a0        0x8
 *(.vector_37)
 .vector_37     0x9d03f6a0        0x8 /opt/microchip/xc32/v5.00/bin/bin/../../lib/gcc/pic32m/13.2.1/../../../../pic32m/lib/libpic32.a(vector37.o)
                0x9d03f6a0                __vector_dispatch_37
                0x00000001                        ASSERT (((_vector_spacing == 0x0) || (SIZEOF (.vector_37) <= (_vector_spacing << 0x5))), function at exception vector 37 too large)

.vector_38      0x9d03f6c0        0x8
 *(.vector_38)
 .vector_38     0x9d03f6c0        0x8 /opt/microchip/xc32/v5.00/bin/bin/../../lib/gcc/pic32m/13.2.1/../../../../pic32m/lib/libpic32.a(vector38.o)
                0x9d03f6c0                __vector_dispatch_38
                0x00000001                        ASSERT (((_vector_spacing == 0x0) || (SIZEOF (.vector_38) <= (_vector_spacing << 0x5))), function at exception vector 38 too large)

.vector_39      0x9d03f6e0        0x8
 *(.vector_39)
 .vector_39     0x9d03f6e0        0x8 /opt/microchip/xc32/v5.00/bin/bin/../../lib/gcc/pic32m/13.2.1/../../../../pic32m/lib/libpic32.a(vector39.o)
                0x9d03f6e0                __vector_dispatch_39
                0x00000001                        ASSERT (((_vector_spacing == 0x0) || (SIZEOF (.vector_39) <= (_vector_spacing << 0x5))), function at exception vector 39 too large)

.vector_40      0x9d03f700        0x8
 *(.vector_40)
 .vector_40     0x9d03f700        0x8 /opt/microchip/xc32/v5.00/bin/bin/../../lib/gcc/pic32m/13.2.1/../../../../pic32m/lib/libpic32.a(vector40.o)
                0x9d03f700                __vector_dispatch_40
                0x00000001                        ASSERT (((_vector_spacing == 0x0) || (SIZEOF (.vector_40) <= (_vector_spacing << 0x5))), function at exception vector 40 too large)

.vector_41      0x9d03f720        0x8
 *(.vector_41)
 .vector_41     0x9d03f720        0x8 /opt/microchip/xc32/v5.00/bin/bin/../../lib/gcc/pic32m/13.2.1/../../../../pic32m/lib/libpic32.a(vector41.o)
                0x9d03f720                __vector_dispatch_41
                0x00000001                        ASSERT (((_vector_spacing == 0x0) || (SIZEOF (.vector_41) <= (_vector_spacing << 0x5))), function at exception vector 41 too large)

.vector_42      0x9d03f740        0x8
 *(.vector_42)
 .vector_42     0x9d03f740        0x8 /opt/microchip/xc32/v5.00/bin/bin/../../lib/gcc/pic32m/13.2.1/../../../../pic32m/lib/libpic32.a(vector42.o)
                0x9d03f740                __vector_dispatch_42
                0x00000001                        ASSERT (((_vector_spacing == 0x0) || (SIZEOF (.vector_42) <= (_vector_spacing << 0x5))), function at exception vector 42 too large)

.vector_43      0x9d03f760        0x8
 *(.vector_43)
 .vector_43     0x9d03f760        0x8 /opt/microchip/xc32/v5.00/bin/bin/../../lib/gcc/pic32m/13.2.1/../../../../pic32m/lib/libpic32.a(vector43.o)
                0x9d03f760                __vector_dispatch_43
                0x00000001                        ASSERT (((_vector_spacing == 0x0) || (SIZEOF (.vector_43) <= (_vector_spacing << 0x5))), function at exception vector 43 too large)

.vector_44
 *(.vector_44)
                0x00000001                        ASSERT (((_vector_spacing == 0x0) || (SIZEOF (.vector_44) <= (_vector_spacing << 0x5))), function at exception vector 44 too large)

.vector_45
 *(.vector_45)
                0x00000001                        ASSERT (((_vector_spacing == 0x0) || (SIZEOF (.vector_45) <= (_vector_spacing << 0x5))), function at exception vector 45 too large)

.vector_46
 *(.vector_46)
                0x00000001                        ASSERT (((_vector_spacing == 0x0) || (SIZEOF (.vector_46) <= (_vector_spacing << 0x5))), function at exception vector 46 too large)

.vector_47
 *(.vector_47)
                0x00000001                        ASSERT (((_vector_spacing == 0x0) || (SIZEOF (.vector_47) <= (_vector_spacing << 0x5))), function at exception vector 47 too large)

.vector_48
 *(.vector_48)
                0x00000001                        ASSERT (((_vector_spacing == 0x0) || (SIZEOF (.vector_48) <= (_vector_spacing << 0x5))), function at exception vector 48 too large)

.vector_49
 *(.vector_49)
                0x00000001                        ASSERT (((_vector_spacing == 0x0) || (SIZEOF (.vector_49) <= (_vector_spacing << 0x5))), function at exception vector 49 too large)

.vector_50
 *(.vector_50)
                0x00000001                        ASSERT (((_vector_spacing == 0x0) || (SIZEOF (.vector_50) <= (_vector_spacing << 0x5))), function at exception vector 50 too large)

.vector_51
 *(.vector_51)
                0x00000001                        ASSERT (((_vector_spacing == 0x0) || (SIZEOF (.vector_51) <= (_vector_spacing << 0x5))), function at exception vector 51 too large)

.vector_52
 *(.vector_52)
                0x00000001                        ASSERT (((_vector_spacing == 0x0) || (SIZEOF (.vector_52) <= (_vector_spacing << 0x5))), function at exception vector 52 too large)

.vector_53
 *(.vector_53)
                0x00000001                        ASSERT (((_vector_spacing == 0x0) || (SIZEOF (.vector_53) <= (_vector_spacing << 0x5))), function at exception vector 53 too large)

.vector_54
 *(.vector_54)
                0x00000001                        ASSERT (((_vector_spacing == 0x0) || (SIZEOF (.vector_54) <= (_vector_spacing << 0x5))), function at exception vector 54 too large)

.vector_55
 *(.vector_55)
                0x00000001                        ASSERT (((_vector_spacing == 0x0) || (SIZEOF (.vector_55) <= (_vector_spacing << 0x5))), function at exception vector 55 too large)

.vector_56
 *(.vector_56)
                0x00000001                        ASSERT (((_vector_spacing == 0x0) || (SIZEOF (.vector_56) <= (_vector_spacing << 0x5))), function at exception vector 56 too large)

.vector_57
 *(.vector_57)
                0x00000001                        ASSERT (((_vector_spacing == 0x0) || (SIZEOF (.vector_57) <= (_vector_spacing << 0x5))), function at exception vector 57 too large)

.vector_58
 *(.vector_58)
                0x00000001                        ASSERT (((_vector_spacing == 0x0) || (SIZEOF (.vector_58) <= (_vector_spacing << 0x5))), function at exception vector 58 too large)

.vector_59
 *(.vector_59)
                0x00000001                        ASSERT (((_vector_spacing == 0x0) || (SIZEOF (.vector_59) <= (_vector_spacing << 0x5))), function at exception vector 59 too large)

.vector_60
 *(.vector_60)
                0x00000001                        ASSERT (((_vector_spacing == 0x0) || (SIZEOF (.vector_60) <= (_vector_spacing << 0x5))), function at exception vector 60 too large)

.vector_61
 *(.vector_61)
                0x00000001                        ASSERT (((_vector_spacing == 0x0) || (SIZEOF (.vector_61) <= (_vector_spacing << 0x5))), function at exception vector 61 too large)

.vector_62
 *(.vector_62)
                0x00000001                        ASSERT (((_vector_spacing == 0x0) || (SIZEOF (.vector_62) <= (_vector_spacing << 0x5))), function at exception vector 62 too large)

.vector_63
 *(.vector_63)
                0x00000001                        ASSERT (((_vector_spacing == 0x0) || (SIZEOF (.vector_63) <= (_vector_spacing << 0x5))), function at exception vector 63 too large)

.startup
 *(.startup)

.text           0x9d000000        0x0
 *(.stub .gnu.linkonce.t.*)
 *(.text.*personality*)
 *(.mips16.fn.*)
 *(.mips16.call.*)
 *(.gnu.warning)
                0x9d000000                        . = ALIGN (0x4)

.init           0x9d000000        0x0
 *crti.o(.init)
 *crtbegin.o(.init)
 *(EXCLUDE_FILE(*crtn.o *crtend?.o *crtend.o) .init)
 *crtend.o(.init)
 *crtn.o(.init)
                0x9d000000                        . = ALIGN (0x4)

.fini           0x9d000000        0x0
 *(.fini)
                0x9d000000                        . = ALIGN (0x4)

.preinit_array  0x9d000000        0x0
                [!provide]                        PROVIDE (__preinit_array_start = .)
 *(.preinit_array)
                [!provide]                        PROVIDE (__preinit_array_end = .)
                0x9d000000                        . = ALIGN (0x4)

.init_array     0x9d000000        0x0
                [!provide]                        PROVIDE (__init_array_start = .)
 *(SORT_BY_NAME(.init_array.*))
 *(.init_array)
                [!provide]                        PROVIDE (__init_array_end = .)
                0x9d000000                        . = ALIGN (0x4)

.fini_array     0x9d000000        0x0
                [!provide]                        PROVIDE (__fini_array_start = .)
 *(SORT_BY_NAME(.fini_array.*))
 *(.fini_array)
                [!provide]                        PROVIDE (__fini_array_end = .)
                0x9d000000                        . = ALIGN (0x4)

.ctors          0x9d000000        0x0
 *crtbegin.o(.ctors)
 *crtbegin?.o(.ctors)
 *(EXCLUDE_FILE(*crtend?.o *crtend.o) .ctors)
 *(SORT_BY_NAME(.ctors.*))
 *(.ctors)
                0x9d000000                        . = ALIGN (0x4)

.dtors          0x9d000000        0x0
 *crtbegin.o(.dtors)
 *crtbegin?.o(.dtors)
 *(EXCLUDE_FILE(*crtend?.o *crtend.o) .dtors)
 *(SORT_BY_NAME(.dtors.*))
 *(.dtors)
                0x9d000000                        . = ALIGN (0x4)

.rodata         0x9d000000        0x0
 *(.gnu.linkonce.r.*)
 *(.rodata1)
                0x9d000000                        . = ALIGN (0x4)

.sdata2         0x9d000000        0x0
 *(.sdata2 .sdata2.* .gnu.linkonce.s2.*)
                0x9d000000                        . = ALIGN (0x4)

.sbss2          0x9d000000        0x0
 *(.sbss2 .sbss2.* .gnu.linkonce.sb2.*)
                0x9d000000                        . = ALIGN (0x4)

.eh_frame_hdr
 *(.eh_frame_hdr)
                0x9d000000                        . = ALIGN (0x4)

.eh_frame
 *(.eh_frame)
                0x9d000000                        . = ALIGN (0x4)

.gcc_except_table
 *(.gcc_except_table .gcc_except_table.*)
                0x9d000000                        . = ALIGN (0x4)

.dbg_data       0xa0000000        0x0
                0xa0000000                        . = (. + DEFINED (_DEBUGGER)?0x200:0x0)

.jcr            0xa0000000        0x0
 *(.jcr)
                0xa0000000                        . = ALIGN (0x4)

.eh_frame
 *(.eh_frame)
                0xa0000000                        . = ALIGN (0x4)

.gcc_except_table
 *(.gcc_except_table .gcc_except_table.*)
                0xa0000000                        . = ALIGN (0x4)

.persist        0xa0000000        0x0
                0xa0000000                        _persist_begin = .
 *(.persist .persist.*)
                0xa0000000                        . = ALIGN (0x4)
                0xa0000000                        _persist_end = .

.data           0xa0000000        0x0
 *(.gnu.linkonce.d.*)
 *(.data1)
                0xa0000000                        . = ALIGN (0x4)
                0xa0000000                        . = .
                0xa0007ff0                        _gp = (ALIGN (0x10) + 0x7ff0)

.got            0xa0000000        0x0
 *(.got.plt)
 *(.got)
                0xa0000000                        . = ALIGN (0x4)

.sdata          0xa0000000        0x8
                0xa0000000                        _sdata_begin = .
 *(.sdata .sdata.* .gnu.linkonce.s.*)
 .sdata         0xa0000000        0x1 build/default/production/ProjectSource/EventCheckers.o
 *fill*         0xa0000001        0x3 
 .sdata         0xa0000004        0x4 /opt/microchip/xc32/v5.00/bin/bin/../../lib/gcc/pic32m/13.2.1/../../../../pic32m/lib/libpic32.a(xc32_uart.o)
                0xa0000004                __XC_UART
                0xa0000008                        . = ALIGN (0x4)
                0xa0000008                        _sdata_end = .

.lit8
 *(.lit8)

.lit4
 *(.lit4)
                0xa0000008                        . = ALIGN (0x4)
                0xa0000008                        _data_end = .
                0xa0000008                        _bss_begin = .

.sbss           0xa0000008       0x70
                0xa0000008                        _sbss_begin = .
 *(.dynsbss)
 *(.sbss .sbss.* .gnu.linkonce.sb.*)
 .sbss          0xa0000008        0xc build/default/production/FrameworkSource/ES_Framework.o
                0xa0000008                Ready
 .sbss          0xa0000014        0xd build/default/production/FrameworkSource/ES_Port.o
 *fill*         0xa0000021        0x3 
 .sbss          0xa0000024       0x10 build/default/production/FrameworkSource/ES_Timers.o
 .sbss          0xa0000034        0x4 build/default/production/FrameworkSource/terminal.o
 .sbss          0xa0000038        0x1 build/default/production/FrameworkSource/circular_buffer_no_modulo_threadsafe.o
                0xa0000038                numBuffersAllocated
 .sbss          0xa0000039        0x1 build/default/production/ProjectSource/EventCheckers.o
 .sbss          0xa000003a        0x1 build/default/production/ProjectSource/TestHarnessService0.o
 *fill*         0xa000003b        0x1 
 .sbss          0xa000003c        0xc build/default/production/ProjectSource/ADService.o
 .sbss          0xa0000048        0x1 build/default/production/ProjectSource/PIC32_AD_Lib.o
 *fill*         0xa0000049        0x3 
 .sbss          0xa000004c        0xa build/default/production/ProjectSource/DCMotorService.o
 *fill*         0xa0000056        0x2 
 .sbss          0xa0000058       0x10 build/default/production/ProjectSource/PIC32_SPI_HAL.o
 .sbss          0xa0000068        0x7 build/default/production/ProjectSource/CommandRetrieveService.o
                0xa0000068                Module
 *fill*         0xa000006f        0x1 
 .sbss          0xa0000070        0x5 build/default/production/ProjectSource/MainLogicFSM.o
 *(.scommon)
                0xa0000075                        _sbss_end = .
                0xa0000078                        . = ALIGN (0x4)
 *fill*         0xa0000075        0x3 

.bss            0xa0000078        0x0
 *(.dynbss)
 *(COMMON)
                0xa0000078                        . = ALIGN ((. != 0x0)?0x4:0x1)
                0xa0000078                        . = ALIGN (0x4)
                0xa0000078                        _end = .
                0xa0000078                        _bss_end = .
                0x00010000                        _bmxdudba_address = LENGTH (kseg1_data_mem)
                0x00010000                        _bmxdupba_address = LENGTH (kseg1_data_mem)

/DISCARD/
 *(.pdr)

.gptab.sdata
 *(.gptab.data)
 *(.gptab.sdata)

.gptab.sbss
 *(.gptab.bss)
 *(.gptab.sbss)

.mdebug.abi32   0x00000000        0x0
 *(.mdebug.abi32)
 .mdebug.abi32  0x00000000        0x0 build/default/production/FrameworkSource/ES_CheckEvents.o
 .mdebug.abi32  0x00000000        0x0 build/default/production/FrameworkSource/ES_DeferRecall.o
 .mdebug.abi32  0x00000000        0x0 build/default/production/FrameworkSource/ES_Framework.o
 .mdebug.abi32  0x00000000        0x0 build/default/production/FrameworkSource/ES_LookupTables.o
 .mdebug.abi32  0x00000000        0x0 build/default/production/FrameworkSource/ES_Port.o
 .mdebug.abi32  0x00000000        0x0 build/default/production/FrameworkSource/ES_PostList.o
 .mdebug.abi32  0x00000000        0x0 build/default/production/FrameworkSource/ES_Queue.o
 .mdebug.abi32  0x00000000        0x0 build/default/production/FrameworkSource/ES_Timers.o
 .mdebug.abi32  0x00000000        0x0 build/default/production/FrameworkSource/terminal.o
 .mdebug.abi32  0x00000000        0x0 build/default/production/FrameworkSource/circular_buffer_no_modulo_threadsafe.o
 .mdebug.abi32  0x00000000        0x0 build/default/production/FrameworkSource/dbprintf.o
 .mdebug.abi32  0x00000000        0x0 build/default/production/ProjectSource/EventCheckers.o
 .mdebug.abi32  0x00000000        0x0 build/default/production/ProjectSource/TestHarnessService0.o
 .mdebug.abi32  0x00000000        0x0 build/default/production/ProjectSource/main.o
 .mdebug.abi32  0x00000000        0x0 build/default/production/ProjectSource/ADService.o
 .mdebug.abi32  0x00000000        0x0 build/default/production/ProjectSource/PIC32_AD_Lib.o
 .mdebug.abi32  0x00000000        0x0 build/default/production/ProjectSource/DCMotorService.o
 .mdebug.abi32  0x00000000        0x0 build/default/production/ProjectSource/PIC32_SPI_HAL.o
 .mdebug.abi32  0x00000000        0x0 build/default/production/ProjectSource/CommandRetrieveService.o
 .mdebug.abi32  0x00000000        0x0 build/default/production/ProjectSource/MainLogicFSM.o
 .mdebug.abi32  0x00000000        0x0 build/default/production/ProjectSource/Ports.o
 .mdebug.abi32  0x00000000        0x0 build/default/production/ProjectSource/CommonDefinitions.o
 .mdebug.abi32  0x00000000        0x0 /opt/microchip/xc32/v5.00/bin/bin/../../lib/gcc/pic32m/13.2.1/libgcc.a(floatunsisf.o)
 .mdebug.abi32  0x00000000        0x0 /opt/microchip/xc32/v5.00/bin/bin/../../lib/gcc/pic32m/13.2.1/../../../../pic32m/lib/libpic32.a(default-bootstrap-exception-handler.o)
 .mdebug.abi32  0x00000000        0x0 /opt/microchip/xc32/v5.00/bin/bin/../../lib/gcc/pic32m/13.2.1/../../../../pic32m/lib/libpic32.a(default-on-reset.o)
 .mdebug.abi32  0x00000000        0x0 /opt/microchip/xc32/v5.00/bin/bin/../../lib/gcc/pic32m/13.2.1/../../../../pic32m/lib/libpic32.a(default-on-bootstrap.o)
 .mdebug.abi32  0x00000000        0x0 /opt/microchip/xc32/v5.00/bin/bin/../../lib/gcc/pic32m/13.2.1/../../../../pic32m/lib/libpic32.a(xc32_uart.o)
 .mdebug.abi32  0x00000000        0x0 /opt/microchip/xc32/v5.00/bin/bin/../../lib/gcc/pic32m/13.2.1/../../../../pic32m/lib/libpic32.a(default-general-exception-handler.o)
 .mdebug.abi32  0x00000000        0x0 /opt/microchip/xc32/v5.00/bin/bin/../../lib/gcc/pic32m/13.2.1/../../../../pic32m/lib/libpic32.a(defaultinterrupt.o)
 .mdebug.abi32  0x00000000        0x0 /opt/microchip/xc32/v5.00/bin/bin/../../lib/gcc/pic32m/13.2.1/../../../../pic32m/lib/libc-musl.a(assert.o)
 .mdebug.abi32  0x00000000        0x0 /opt/microchip/xc32/v5.00/bin/bin/../../lib/gcc/pic32m/13.2.1/../../../../pic32m/lib/libc-musl.a(abort.o)
 .mdebug.abi32  0x00000000        0x0 /opt/microchip/xc32/v5.00/bin/bin/../../lib/gcc/pic32m/13.2.1/../../../../pic32m/lib/libc-musl.a(fprintf.o)
 .mdebug.abi32  0x00000000        0x0 /opt/microchip/xc32/v5.00/bin/bin/../../lib/gcc/pic32m/13.2.1/../../../../pic32m/lib/libc-musl.a(fflush.o)
 .mdebug.abi32  0x00000000        0x0 /opt/microchip/xc32/v5.00/bin/bin/../../lib/gcc/pic32m/13.2.1/../../../../pic32m/lib/libc-musl.a(vfprintf.o)
 .mdebug.abi32  0x00000000        0x0 /opt/microchip/xc32/v5.00/bin/bin/../../lib/gcc/pic32m/13.2.1/../../../../pic32m/lib/libc-musl.a(stderr.o)
 .mdebug.abi32  0x00000000        0x0 /opt/microchip/xc32/v5.00/bin/bin/../../lib/gcc/pic32m/13.2.1/../../../../pic32m/lib/libc-musl.a(putchar.o)
 .mdebug.abi32  0x00000000        0x0 /opt/microchip/xc32/v5.00/bin/bin/../../lib/gcc/pic32m/13.2.1/../../../../pic32m/lib/libc-musl.a(puts.o)
 .mdebug.abi32  0x00000000        0x0 /opt/microchip/xc32/v5.00/bin/bin/../../lib/gcc/pic32m/13.2.1/../../../../pic32m/lib/libc-musl.a(_Exit.o)
 .mdebug.abi32  0x00000000        0x0 /opt/microchip/xc32/v5.00/bin/bin/../../lib/gcc/pic32m/13.2.1/../../../../pic32m/lib/libc-musl.a(fputs.o)
 .mdebug.abi32  0x00000000        0x0 /opt/microchip/xc32/v5.00/bin/bin/../../lib/gcc/pic32m/13.2.1/../../../../pic32m/lib/libc-musl.a(__io_fmt_needed.o)
 .mdebug.abi32  0x00000000        0x0 /opt/microchip/xc32/v5.00/bin/bin/../../lib/gcc/pic32m/13.2.1/../../../../pic32m/lib/libc-musl.a(__io_init_needed.o)
 .mdebug.abi32  0x00000000        0x0 /opt/microchip/xc32/v5.00/bin/bin/../../lib/gcc/pic32m/13.2.1/../../../../pic32m/lib/libc-musl.a(__out.o)
 .mdebug.abi32  0x00000000        0x0 /opt/microchip/xc32/v5.00/bin/bin/../../lib/gcc/pic32m/13.2.1/../../../../pic32m/lib/libc-musl.a(__pop_float.o)
 .mdebug.abi32  0x00000000        0x0 /opt/microchip/xc32/v5.00/bin/bin/../../lib/gcc/pic32m/13.2.1/../../../../pic32m/lib/libc-musl.a(__pop_int.o)
 .mdebug.abi32  0x00000000        0x0 /opt/microchip/xc32/v5.00/bin/bin/../../lib/gcc/pic32m/13.2.1/../../../../pic32m/lib/libc-musl.a(__pop_ptr.o)
 .mdebug.abi32  0x00000000        0x0 /opt/microchip/xc32/v5.00/bin/bin/../../lib/gcc/pic32m/13.2.1/../../../../pic32m/lib/libc-musl.a(__printf_core.o)
 .mdebug.abi32  0x00000000        0x0 /opt/microchip/xc32/v5.00/bin/bin/../../lib/gcc/pic32m/13.2.1/../../../../pic32m/lib/libc-musl.a(__stdio_close.o)
 .mdebug.abi32  0x00000000        0x0 /opt/microchip/xc32/v5.00/bin/bin/../../lib/gcc/pic32m/13.2.1/../../../../pic32m/lib/libc-musl.a(fwrite.o)
 .mdebug.abi32  0x00000000        0x0 /opt/microchip/xc32/v5.00/bin/bin/../../lib/gcc/pic32m/13.2.1/../../../../pic32m/lib/libc-musl.a(putc.o)
 .mdebug.abi32  0x00000000        0x0 /opt/microchip/xc32/v5.00/bin/bin/../../lib/gcc/pic32m/13.2.1/../../../../pic32m/lib/libc-musl.a(stdout.o)
 .mdebug.abi32  0x00000000        0x0 /opt/microchip/xc32/v5.00/bin/bin/../../lib/gcc/pic32m/13.2.1/../../../../pic32m/lib/libc-musl.a(atoi.o)
 .mdebug.abi32  0x00000000        0x0 /opt/microchip/xc32/v5.00/bin/bin/../../lib/gcc/pic32m/13.2.1/../../../../pic32m/lib/libc-musl.a(tolower.o)
 .mdebug.abi32  0x00000000        0x0 /opt/microchip/xc32/v5.00/bin/bin/../../lib/gcc/pic32m/13.2.1/../../../../pic32m/lib/libc-musl.a(__fmt_a.o)
 .mdebug.abi32  0x00000000        0x0 /opt/microchip/xc32/v5.00/bin/bin/../../lib/gcc/pic32m/13.2.1/../../../../pic32m/lib/libc-musl.a(__fmt_d.o)
 .mdebug.abi32  0x00000000        0x0 /opt/microchip/xc32/v5.00/bin/bin/../../lib/gcc/pic32m/13.2.1/../../../../pic32m/lib/libc-musl.a(__fmt_fp.o)
 .mdebug.abi32  0x00000000        0x0 /opt/microchip/xc32/v5.00/bin/bin/../../lib/gcc/pic32m/13.2.1/../../../../pic32m/lib/libc-musl.a(__fmt_o.o)
 .mdebug.abi32  0x00000000        0x0 /opt/microchip/xc32/v5.00/bin/bin/../../lib/gcc/pic32m/13.2.1/../../../../pic32m/lib/libc-musl.a(__fmt_s.o)
 .mdebug.abi32  0x00000000        0x0 /opt/microchip/xc32/v5.00/bin/bin/../../lib/gcc/pic32m/13.2.1/../../../../pic32m/lib/libc-musl.a(__fmt_u.o)
 .mdebug.abi32  0x00000000        0x0 /opt/microchip/xc32/v5.00/bin/bin/../../lib/gcc/pic32m/13.2.1/../../../../pic32m/lib/libc-musl.a(__fmt_x.o)
 .mdebug.abi32  0x00000000        0x0 /opt/microchip/xc32/v5.00/bin/bin/../../lib/gcc/pic32m/13.2.1/../../../../pic32m/lib/libc-musl.a(__init_stdio.o)
 .mdebug.abi32  0x00000000        0x0 /opt/microchip/xc32/v5.00/bin/bin/../../lib/gcc/pic32m/13.2.1/../../../../pic32m/lib/libc-musl.a(__io_file_needed.o)
 .mdebug.abi32  0x00000000        0x0 /opt/microchip/xc32/v5.00/bin/bin/../../lib/gcc/pic32m/13.2.1/../../../../pic32m/lib/libc-musl.a(toupper.o)
 .mdebug.abi32  0x00000000        0x0 /opt/microchip/xc32/v5.00/bin/bin/../../lib/gcc/pic32m/13.2.1/../../../../pic32m/lib/libc-musl.a(__cvt_u.o)
 .mdebug.abi32  0x00000000        0x0 /opt/microchip/xc32/v5.00/bin/bin/../../lib/gcc/pic32m/13.2.1/../../../../pic32m/lib/libm-musl.a(fma.o)
 .mdebug.abi32  0x00000000        0x0 /opt/microchip/xc32/v5.00/bin/bin/../../lib/gcc/pic32m/13.2.1/../../../../pic32m/lib/libm-musl.a(scalbn.o)
 .mdebug.abi32  0x00000000        0x0 /opt/microchip/xc32/v5.00/bin/bin/../../lib/gcc/pic32m/13.2.1/../../../../pic32m/lib/libpic32.a(_exit.o)
 .mdebug.abi32  0x00000000        0x0 /opt/microchip/xc32/v5.00/bin/bin/../../lib/gcc/pic32m/13.2.1/../../../../pic32m/lib/libpic32.a(write.o)
 .mdebug.abi32  0x00000000        0x0 /opt/microchip/xc32/v5.00/bin/bin/../../lib/gcc/pic32m/13.2.1/../../../../pic32m/lib/libpic32.a(lseek.o)
 .mdebug.abi32  0x00000000        0x0 /opt/microchip/xc32/v5.00/bin/bin/../../lib/gcc/pic32m/13.2.1/../../../../pic32m/lib/libpic32.a(close.o)
 .mdebug.abi32  0x00000000        0x0 /opt/microchip/xc32/v5.00/bin/bin/../../lib/gcc/pic32m/13.2.1/../../../../pic32m/lib/libpic32.a(errno.o)
 .mdebug.abi32  0x00000000        0x0 /opt/microchip/xc32/v5.00/bin/bin/../../lib/gcc/pic32m/13.2.1/../../../../pic32m/lib/libc-size-musl.a(memcpy.o)
 .mdebug.abi32  0x00000000        0x0 /opt/microchip/xc32/v5.00/bin/bin/../../lib/gcc/pic32m/13.2.1/../../../../pic32m/lib/libc-size-musl.a(memset.o)
 .mdebug.abi32  0x00000000        0x0 /opt/microchip/xc32/v5.00/bin/bin/../../lib/gcc/pic32m/13.2.1/../../../../pic32m/lib/libc-size-musl.a(strlen.o)
 .mdebug.abi32  0x00000000        0x0 /opt/microchip/xc32/v5.00/bin/bin/../../lib/gcc/pic32m/13.2.1/../../../../pic32m/lib/libc-size-musl.a(strcpy.o)
 .mdebug.abi32  0x00000000        0x0 /opt/microchip/xc32/v5.00/bin/bin/../../lib/gcc/pic32m/13.2.1/../../../../pic32m/lib/libc-size-musl.a(stpcpy.o)
 .mdebug.abi32  0x00000000        0x0 /opt/microchip/xc32/v5.00/bin/bin/../../lib/gcc/pic32m/13.2.1/../../../../pic32m/lib/libe.a(_floatdidf.o)
 .mdebug.abi32  0x00000000        0x0 /opt/microchip/xc32/v5.00/bin/bin/../../lib/gcc/pic32m/13.2.1/libgcc.a(_lshrdi3.o)
 .mdebug.abi32  0x00000000        0x0 /opt/microchip/xc32/v5.00/bin/bin/../../lib/gcc/pic32m/13.2.1/libgcc.a(_ashldi3.o)
 .mdebug.abi32  0x00000000        0x0 /opt/microchip/xc32/v5.00/bin/bin/../../lib/gcc/pic32m/13.2.1/libgcc.a(_udivdi3.o)
 .mdebug.abi32  0x00000000        0x0 /opt/microchip/xc32/v5.00/bin/bin/../../lib/gcc/pic32m/13.2.1/libgcc.a(_umoddi3.o)

.mdebug.abiN32
 *(.mdebug.abiN32)

.mdebug.abi64
 *(.mdebug.abi64)

.mdebug.abiO64
 *(.mdebug.abiO64)

.mdebug.eabi32
 *(.mdebug.eabi32)

.mdebug.eabi64
 *(.mdebug.eabi64)

.gcc_compiled_long32
 *(.gcc_compiled_long32)

.gcc_compiled_long64
 *(.gcc_compiled_long64)

.stab
 *(.stab)

.stabstr
 *(.stabstr)

.stab.excl
 *(.stab.excl)

.stab.exclstr
 *(.stab.exclstr)

.stab.index
 *(.stab.index)

.stab.indexstr
 *(.stab.indexstr)

.comment        0x00000000       0xd3
 *(.comment)
 .comment       0x00000000       0xd3 build/default/production/FrameworkSource/ES_CheckEvents.o
                                 0x36 (size before relaxing)
 .comment       0x000000d3       0x36 build/default/production/FrameworkSource/ES_DeferRecall.o
 .comment       0x000000d3       0x36 build/default/production/FrameworkSource/ES_Framework.o
 .comment       0x000000d3       0x36 build/default/production/FrameworkSource/ES_LookupTables.o
 .comment       0x000000d3       0x36 build/default/production/FrameworkSource/ES_Port.o
 .comment       0x000000d3       0x36 build/default/production/FrameworkSource/ES_PostList.o
 .comment       0x000000d3       0x36 build/default/production/FrameworkSource/ES_Queue.o
 .comment       0x000000d3       0x36 build/default/production/FrameworkSource/ES_Timers.o
 .comment       0x000000d3       0x36 build/default/production/FrameworkSource/terminal.o
 .comment       0x000000d3       0x36 build/default/production/FrameworkSource/circular_buffer_no_modulo_threadsafe.o
 .comment       0x000000d3       0x36 build/default/production/FrameworkSource/dbprintf.o
 .comment       0x000000d3       0x36 build/default/production/ProjectSource/EventCheckers.o
 .comment       0x000000d3       0x36 build/default/production/ProjectSource/TestHarnessService0.o
 .comment       0x000000d3       0x36 build/default/production/ProjectSource/main.o
 .comment       0x000000d3       0x36 build/default/production/ProjectSource/ADService.o
 .comment       0x000000d3       0x36 build/default/production/ProjectSource/PIC32_AD_Lib.o
 .comment       0x000000d3       0x36 build/default/production/ProjectSource/DCMotorService.o
 .comment       0x000000d3       0x36 build/default/production/ProjectSource/PIC32_SPI_HAL.o
 .comment       0x000000d3       0x36 build/default/production/ProjectSource/CommandRetrieveService.o
 .comment       0x000000d3       0x36 build/default/production/ProjectSource/MainLogicFSM.o
 .comment       0x000000d3       0x36 build/default/production/ProjectSource/Ports.o
 .comment       0x000000d3       0x36 build/default/production/ProjectSource/CommonDefinitions.o
 .comment       0x000000d3       0x36 /opt/microchip/xc32/v5.00/bin/bin/../../lib/gcc/pic32m/13.2.1/libgcc.a(floatunsisf.o)
 .comment       0x000000d3       0x36 /opt/microchip/xc32/v5.00/bin/bin/../../lib/gcc/pic32m/13.2.1/../../../../pic32m/lib/libpic32.a(default-bootstrap-exception-handler.o)
 .comment       0x000000d3       0x36 /opt/microchip/xc32/v5.00/bin/bin/../../lib/gcc/pic32m/13.2.1/../../../../pic32m/lib/libpic32.a(default-on-reset.o)
 .comment       0x000000d3       0x36 /opt/microchip/xc32/v5.00/bin/bin/../../lib/gcc/pic32m/13.2.1/../../../../pic32m/lib/libpic32.a(default-on-bootstrap.o)
 .comment       0x000000d3       0x36 /opt/microchip/xc32/v5.00/bin/bin/../../lib/gcc/pic32m/13.2.1/../../../../pic32m/lib/libpic32.a(xc32_uart.o)
 .comment       0x000000d3       0x36 /opt/microchip/xc32/v5.00/bin/bin/../../lib/gcc/pic32m/13.2.1/../../../../pic32m/lib/libpic32.a(default-general-exception-handler.o)
 .comment       0x000000d3       0x36 /opt/microchip/xc32/v5.00/bin/bin/../../lib/gcc/pic32m/13.2.1/../../../../pic32m/lib/libpic32.a(defaultinterrupt.o)
 .comment       0x000000d3       0x36 /opt/microchip/xc32/v5.00/bin/bin/../../lib/gcc/pic32m/13.2.1/../../../../pic32m/lib/libc-musl.a(assert.o)
 .comment       0x000000d3       0x36 /opt/microchip/xc32/v5.00/bin/bin/../../lib/gcc/pic32m/13.2.1/../../../../pic32m/lib/libc-musl.a(abort.o)
 .comment       0x000000d3       0x36 /opt/microchip/xc32/v5.00/bin/bin/../../lib/gcc/pic32m/13.2.1/../../../../pic32m/lib/libc-musl.a(fprintf.o)
 .comment       0x000000d3       0x36 /opt/microchip/xc32/v5.00/bin/bin/../../lib/gcc/pic32m/13.2.1/../../../../pic32m/lib/libc-musl.a(fflush.o)
 .comment       0x000000d3       0x36 /opt/microchip/xc32/v5.00/bin/bin/../../lib/gcc/pic32m/13.2.1/../../../../pic32m/lib/libc-musl.a(vfprintf.o)
 .comment       0x000000d3       0x36 /opt/microchip/xc32/v5.00/bin/bin/../../lib/gcc/pic32m/13.2.1/../../../../pic32m/lib/libc-musl.a(stderr.o)
 .comment       0x000000d3       0x36 /opt/microchip/xc32/v5.00/bin/bin/../../lib/gcc/pic32m/13.2.1/../../../../pic32m/lib/libc-musl.a(putchar.o)
 .comment       0x000000d3       0x36 /opt/microchip/xc32/v5.00/bin/bin/../../lib/gcc/pic32m/13.2.1/../../../../pic32m/lib/libc-musl.a(puts.o)
 .comment       0x000000d3       0x36 /opt/microchip/xc32/v5.00/bin/bin/../../lib/gcc/pic32m/13.2.1/../../../../pic32m/lib/libc-musl.a(_Exit.o)
 .comment       0x000000d3       0x36 /opt/microchip/xc32/v5.00/bin/bin/../../lib/gcc/pic32m/13.2.1/../../../../pic32m/lib/libc-musl.a(fputs.o)
 .comment       0x000000d3       0x36 /opt/microchip/xc32/v5.00/bin/bin/../../lib/gcc/pic32m/13.2.1/../../../../pic32m/lib/libc-musl.a(__io_fmt_needed.o)
 .comment       0x000000d3       0x36 /opt/microchip/xc32/v5.00/bin/bin/../../lib/gcc/pic32m/13.2.1/../../../../pic32m/lib/libc-musl.a(__io_init_needed.o)
 .comment       0x000000d3       0x36 /opt/microchip/xc32/v5.00/bin/bin/../../lib/gcc/pic32m/13.2.1/../../../../pic32m/lib/libc-musl.a(__out.o)
 .comment       0x000000d3       0x36 /opt/microchip/xc32/v5.00/bin/bin/../../lib/gcc/pic32m/13.2.1/../../../../pic32m/lib/libc-musl.a(__pop_float.o)
 .comment       0x000000d3       0x36 /opt/microchip/xc32/v5.00/bin/bin/../../lib/gcc/pic32m/13.2.1/../../../../pic32m/lib/libc-musl.a(__pop_int.o)
 .comment       0x000000d3       0x36 /opt/microchip/xc32/v5.00/bin/bin/../../lib/gcc/pic32m/13.2.1/../../../../pic32m/lib/libc-musl.a(__pop_ptr.o)
 .comment       0x000000d3       0x36 /opt/microchip/xc32/v5.00/bin/bin/../../lib/gcc/pic32m/13.2.1/../../../../pic32m/lib/libc-musl.a(__printf_core.o)
 .comment       0x000000d3       0x36 /opt/microchip/xc32/v5.00/bin/bin/../../lib/gcc/pic32m/13.2.1/../../../../pic32m/lib/libc-musl.a(__stdio_close.o)
 .comment       0x000000d3       0x36 /opt/microchip/xc32/v5.00/bin/bin/../../lib/gcc/pic32m/13.2.1/../../../../pic32m/lib/libc-musl.a(fwrite.o)
 .comment       0x000000d3       0x36 /opt/microchip/xc32/v5.00/bin/bin/../../lib/gcc/pic32m/13.2.1/../../../../pic32m/lib/libc-musl.a(putc.o)
 .comment       0x000000d3       0x36 /opt/microchip/xc32/v5.00/bin/bin/../../lib/gcc/pic32m/13.2.1/../../../../pic32m/lib/libc-musl.a(stdout.o)
 .comment       0x000000d3       0x36 /opt/microchip/xc32/v5.00/bin/bin/../../lib/gcc/pic32m/13.2.1/../../../../pic32m/lib/libc-musl.a(atoi.o)
 .comment       0x000000d3       0x36 /opt/microchip/xc32/v5.00/bin/bin/../../lib/gcc/pic32m/13.2.1/../../../../pic32m/lib/libc-musl.a(tolower.o)
 .comment       0x000000d3       0x36 /opt/microchip/xc32/v5.00/bin/bin/../../lib/gcc/pic32m/13.2.1/../../../../pic32m/lib/libc-musl.a(__fmt_a.o)
 .comment       0x000000d3       0x36 /opt/microchip/xc32/v5.00/bin/bin/../../lib/gcc/pic32m/13.2.1/../../../../pic32m/lib/libc-musl.a(__fmt_d.o)
 .comment       0x000000d3       0x36 /opt/microchip/xc32/v5.00/bin/bin/../../lib/gcc/pic32m/13.2.1/../../../../pic32m/lib/libc-musl.a(__fmt_fp.o)
 .comment       0x000000d3       0x36 /opt/microchip/xc32/v5.00/bin/bin/../../lib/gcc/pic32m/13.2.1/../../../../pic32m/lib/libc-musl.a(__fmt_o.o)
 .comment       0x000000d3       0x36 /opt/microchip/xc32/v5.00/bin/bin/../../lib/gcc/pic32m/13.2.1/../../../../pic32m/lib/libc-musl.a(__fmt_s.o)
 .comment       0x000000d3       0x36 /opt/microchip/xc32/v5.00/bin/bin/../../lib/gcc/pic32m/13.2.1/../../../../pic32m/lib/libc-musl.a(__fmt_u.o)
 .comment       0x000000d3       0x36 /opt/microchip/xc32/v5.00/bin/bin/../../lib/gcc/pic32m/13.2.1/../../../../pic32m/lib/libc-musl.a(__fmt_x.o)
 .comment       0x000000d3       0x36 /opt/microchip/xc32/v5.00/bin/bin/../../lib/gcc/pic32m/13.2.1/../../../../pic32m/lib/libc-musl.a(__init_stdio.o)
 .comment       0x000000d3       0x36 /opt/microchip/xc32/v5.00/bin/bin/../../lib/gcc/pic32m/13.2.1/../../../../pic32m/lib/libc-musl.a(__io_file_needed.o)
 .comment       0x000000d3       0x36 /opt/microchip/xc32/v5.00/bin/bin/../../lib/gcc/pic32m/13.2.1/../../../../pic32m/lib/libc-musl.a(toupper.o)
 .comment       0x000000d3       0x36 /opt/microchip/xc32/v5.00/bin/bin/../../lib/gcc/pic32m/13.2.1/../../../../pic32m/lib/libc-musl.a(__cvt_u.o)
 .comment       0x000000d3       0x36 /opt/microchip/xc32/v5.00/bin/bin/../../lib/gcc/pic32m/13.2.1/../../../../pic32m/lib/libm-musl.a(fma.o)
 .comment       0x000000d3       0x36 /opt/microchip/xc32/v5.00/bin/bin/../../lib/gcc/pic32m/13.2.1/../../../../pic32m/lib/libm-musl.a(scalbn.o)
 .comment       0x000000d3       0x36 /opt/microchip/xc32/v5.00/bin/bin/../../lib/gcc/pic32m/13.2.1/../../../../pic32m/lib/libpic32.a(_exit.o)
 .comment       0x000000d3       0x36 /opt/microchip/xc32/v5.00/bin/bin/../../lib/gcc/pic32m/13.2.1/../../../../pic32m/lib/libpic32.a(write.o)
 .comment       0x000000d3       0x36 /opt/microchip/xc32/v5.00/bin/bin/../../lib/gcc/pic32m/13.2.1/../../../../pic32m/lib/libpic32.a(lseek.o)
 .comment       0x000000d3       0x36 /opt/microchip/xc32/v5.00/bin/bin/../../lib/gcc/pic32m/13.2.1/../../../../pic32m/lib/libpic32.a(close.o)
 .comment       0x000000d3       0x36 /opt/microchip/xc32/v5.00/bin/bin/../../lib/gcc/pic32m/13.2.1/../../../../pic32m/lib/libpic32.a(errno.o)
 .comment       0x000000d3       0x36 /opt/microchip/xc32/v5.00/bin/bin/../../lib/gcc/pic32m/13.2.1/../../../../pic32m/lib/libc-size-musl.a(memcpy.o)
 .comment       0x000000d3       0x36 /opt/microchip/xc32/v5.00/bin/bin/../../lib/gcc/pic32m/13.2.1/../../../../pic32m/lib/libc-size-musl.a(memset.o)
 .comment       0x000000d3       0x36 /opt/microchip/xc32/v5.00/bin/bin/../../lib/gcc/pic32m/13.2.1/../../../../pic32m/lib/libc-size-musl.a(strlen.o)
 .comment       0x000000d3       0x36 /opt/microchip/xc32/v5.00/bin/bin/../../lib/gcc/pic32m/13.2.1/../../../../pic32m/lib/libc-size-musl.a(strcpy.o)
 .comment       0x000000d3       0x36 /opt/microchip/xc32/v5.00/bin/bin/../../lib/gcc/pic32m/13.2.1/../../../../pic32m/lib/libc-size-musl.a(stpcpy.o)
 .comment       0x000000d3       0xd4 /opt/microchip/xc32/v5.00/bin/bin/../../lib/gcc/pic32m/13.2.1/../../../../pic32m/lib/libe.a(_floatdidf.o)
 .comment       0x000000d3       0x36 /opt/microchip/xc32/v5.00/bin/bin/../../lib/gcc/pic32m/13.2.1/libgcc.a(_lshrdi3.o)
 .comment       0x000000d3       0x36 /opt/microchip/xc32/v5.00/bin/bin/../../lib/gcc/pic32m/13.2.1/libgcc.a(_ashldi3.o)
 .comment       0x000000d3       0x36 /opt/microchip/xc32/v5.00/bin/bin/../../lib/gcc/pic32m/13.2.1/libgcc.a(_udivdi3.o)
 .comment       0x000000d3       0x36 /opt/microchip/xc32/v5.00/bin/bin/../../lib/gcc/pic32m/13.2.1/libgcc.a(_umoddi3.o)

.debug
 *.elf(.debug)
 *(.debug)

.line
 *.elf(.line)
 *(.line)

.debug_srcinfo
 *.elf(.debug_srcinfo)
 *(.debug_srcinfo)

.debug_sfnames
 *.elf(.debug_sfnames)
 *(.debug_sfnames)

.debug_aranges  0x00000000      0xab0
 *.elf(.debug_aranges)
 *(.debug_aranges)
 .debug_aranges
                0x00000000       0x20 build/default/production/FrameworkSource/ES_CheckEvents.o
 .debug_aranges
                0x00000020       0x20 build/default/production/FrameworkSource/ES_DeferRecall.o
 .debug_aranges
                0x00000040       0x20 build/default/production/FrameworkSource/ES_Framework.o
 .debug_aranges
                0x00000060       0x20 build/default/production/FrameworkSource/ES_LookupTables.o
 .debug_aranges
                0x00000080       0x20 build/default/production/FrameworkSource/ES_Port.o
 .debug_aranges
                0x000000a0       0x18 build/default/production/FrameworkSource/ES_PostList.o
 .debug_aranges
                0x000000b8       0x20 build/default/production/FrameworkSource/ES_Queue.o
 .debug_aranges
                0x000000d8       0x20 build/default/production/FrameworkSource/ES_Timers.o
 .debug_aranges
                0x000000f8       0x20 build/default/production/FrameworkSource/terminal.o
 .debug_aranges
                0x00000118       0x20 build/default/production/FrameworkSource/circular_buffer_no_modulo_threadsafe.o
 .debug_aranges
                0x00000138       0x20 build/default/production/FrameworkSource/dbprintf.o
 .debug_aranges
                0x00000158       0x20 build/default/production/ProjectSource/EventCheckers.o
 .debug_aranges
                0x00000178       0x20 build/default/production/ProjectSource/TestHarnessService0.o
 .debug_aranges
                0x00000198       0x20 build/default/production/ProjectSource/main.o
 .debug_aranges
                0x000001b8       0x20 build/default/production/ProjectSource/ADService.o
 .debug_aranges
                0x000001d8       0x20 build/default/production/ProjectSource/PIC32_AD_Lib.o
 .debug_aranges
                0x000001f8       0x20 build/default/production/ProjectSource/DCMotorService.o
 .debug_aranges
                0x00000218       0x20 build/default/production/ProjectSource/PIC32_SPI_HAL.o
 .debug_aranges
                0x00000238       0x20 build/default/production/ProjectSource/CommandRetrieveService.o
 .debug_aranges
                0x00000258       0x20 build/default/production/ProjectSource/MainLogicFSM.o
 .debug_aranges
                0x00000278       0x20 build/default/production/ProjectSource/Ports.o
 .debug_aranges
                0x00000298       0x20 build/default/production/ProjectSource/CommonDefinitions.o
 .debug_aranges
                0x000002b8       0x20 /opt/microchip/xc32/v5.00/bin/bin/../../lib/gcc/pic32m/13.2.1/libgcc.a(floatunsisf.o)
 .debug_aranges
                0x000002d8       0x20 /opt/microchip/xc32/v5.00/bin/bin/../../lib/gcc/pic32m/13.2.1/../../../../pic32m/lib/libpic32.a(default-bootstrap-exception-handler.o)
 .debug_aranges
                0x000002f8       0x20 /opt/microchip/xc32/v5.00/bin/bin/../../lib/gcc/pic32m/13.2.1/../../../../pic32m/lib/libpic32.a(default-on-reset.o)
 .debug_aranges
                0x00000318       0x20 /opt/microchip/xc32/v5.00/bin/bin/../../lib/gcc/pic32m/13.2.1/../../../../pic32m/lib/libpic32.a(default-on-bootstrap.o)
 .debug_aranges
                0x00000338       0x18 /opt/microchip/xc32/v5.00/bin/bin/../../lib/gcc/pic32m/13.2.1/../../../../pic32m/lib/libpic32.a(xc32_uart.o)
 .debug_aranges
                0x00000350       0x20 /opt/microchip/xc32/v5.00/bin/bin/../../lib/gcc/pic32m/13.2.1/../../../../pic32m/lib/libpic32.a(default-general-exception-handler.o)
 .debug_aranges
                0x00000370       0x20 /opt/microchip/xc32/v5.00/bin/bin/../../lib/gcc/pic32m/13.2.1/../../../../pic32m/lib/libpic32.a(defaultinterrupt.o)
 .debug_aranges
                0x00000390       0x20 /opt/microchip/xc32/v5.00/bin/bin/../../lib/gcc/pic32m/13.2.1/../../../../pic32m/lib/libc-musl.a(assert.o)
 .debug_aranges
                0x000003b0       0x20 /opt/microchip/xc32/v5.00/bin/bin/../../lib/gcc/pic32m/13.2.1/../../../../pic32m/lib/libc-musl.a(abort.o)
 .debug_aranges
                0x000003d0       0x20 /opt/microchip/xc32/v5.00/bin/bin/../../lib/gcc/pic32m/13.2.1/../../../../pic32m/lib/libc-musl.a(fprintf.o)
 .debug_aranges
                0x000003f0       0x30 /opt/microchip/xc32/v5.00/bin/bin/../../lib/gcc/pic32m/13.2.1/../../../../pic32m/lib/libc-musl.a(fflush.o)
 .debug_aranges
                0x00000420       0x28 /opt/microchip/xc32/v5.00/bin/bin/../../lib/gcc/pic32m/13.2.1/../../../../pic32m/lib/libc-musl.a(vfprintf.o)
 .debug_aranges
                0x00000448       0x38 /opt/microchip/xc32/v5.00/bin/bin/../../lib/gcc/pic32m/13.2.1/../../../../pic32m/lib/libc-musl.a(stderr.o)
 .debug_aranges
                0x00000480       0x20 /opt/microchip/xc32/v5.00/bin/bin/../../lib/gcc/pic32m/13.2.1/../../../../pic32m/lib/libc-musl.a(putchar.o)
 .debug_aranges
                0x000004a0       0x20 /opt/microchip/xc32/v5.00/bin/bin/../../lib/gcc/pic32m/13.2.1/../../../../pic32m/lib/libc-musl.a(puts.o)
 .debug_aranges
                0x000004c0       0x20 /opt/microchip/xc32/v5.00/bin/bin/../../lib/gcc/pic32m/13.2.1/../../../../pic32m/lib/libc-musl.a(_Exit.o)
 .debug_aranges
                0x000004e0       0x20 /opt/microchip/xc32/v5.00/bin/bin/../../lib/gcc/pic32m/13.2.1/../../../../pic32m/lib/libc-musl.a(fputs.o)
 .debug_aranges
                0x00000500       0x20 /opt/microchip/xc32/v5.00/bin/bin/../../lib/gcc/pic32m/13.2.1/../../../../pic32m/lib/libc-musl.a(__io_fmt_needed.o)
 .debug_aranges
                0x00000520       0x28 /opt/microchip/xc32/v5.00/bin/bin/../../lib/gcc/pic32m/13.2.1/../../../../pic32m/lib/libc-musl.a(__io_init_needed.o)
 .debug_aranges
                0x00000548       0x28 /opt/microchip/xc32/v5.00/bin/bin/../../lib/gcc/pic32m/13.2.1/../../../../pic32m/lib/libc-musl.a(__out.o)
 .debug_aranges
                0x00000570       0x20 /opt/microchip/xc32/v5.00/bin/bin/../../lib/gcc/pic32m/13.2.1/../../../../pic32m/lib/libc-musl.a(__pop_float.o)
 .debug_aranges
                0x00000590       0x20 /opt/microchip/xc32/v5.00/bin/bin/../../lib/gcc/pic32m/13.2.1/../../../../pic32m/lib/libc-musl.a(__pop_int.o)
 .debug_aranges
                0x000005b0       0x20 /opt/microchip/xc32/v5.00/bin/bin/../../lib/gcc/pic32m/13.2.1/../../../../pic32m/lib/libc-musl.a(__pop_ptr.o)
 .debug_aranges
                0x000005d0       0x50 /opt/microchip/xc32/v5.00/bin/bin/../../lib/gcc/pic32m/13.2.1/../../../../pic32m/lib/libc-musl.a(__printf_core.o)
 .debug_aranges
                0x00000620       0x28 /opt/microchip/xc32/v5.00/bin/bin/../../lib/gcc/pic32m/13.2.1/../../../../pic32m/lib/libc-musl.a(__stdio_close.o)
 .debug_aranges
                0x00000648       0x28 /opt/microchip/xc32/v5.00/bin/bin/../../lib/gcc/pic32m/13.2.1/../../../../pic32m/lib/libc-musl.a(fwrite.o)
 .debug_aranges
                0x00000670       0x30 /opt/microchip/xc32/v5.00/bin/bin/../../lib/gcc/pic32m/13.2.1/../../../../pic32m/lib/libc-musl.a(putc.o)
 .debug_aranges
                0x000006a0       0x30 /opt/microchip/xc32/v5.00/bin/bin/../../lib/gcc/pic32m/13.2.1/../../../../pic32m/lib/libc-musl.a(stdout.o)
 .debug_aranges
                0x000006d0       0x20 /opt/microchip/xc32/v5.00/bin/bin/../../lib/gcc/pic32m/13.2.1/../../../../pic32m/lib/libc-musl.a(atoi.o)
 .debug_aranges
                0x000006f0       0x28 /opt/microchip/xc32/v5.00/bin/bin/../../lib/gcc/pic32m/13.2.1/../../../../pic32m/lib/libc-musl.a(tolower.o)
 .debug_aranges
                0x00000718       0x20 /opt/microchip/xc32/v5.00/bin/bin/../../lib/gcc/pic32m/13.2.1/../../../../pic32m/lib/libc-musl.a(__fmt_a.o)
 .debug_aranges
                0x00000738       0x20 /opt/microchip/xc32/v5.00/bin/bin/../../lib/gcc/pic32m/13.2.1/../../../../pic32m/lib/libc-musl.a(__fmt_d.o)
 .debug_aranges
                0x00000758       0x20 /opt/microchip/xc32/v5.00/bin/bin/../../lib/gcc/pic32m/13.2.1/../../../../pic32m/lib/libc-musl.a(__fmt_fp.o)
 .debug_aranges
                0x00000778       0x20 /opt/microchip/xc32/v5.00/bin/bin/../../lib/gcc/pic32m/13.2.1/../../../../pic32m/lib/libc-musl.a(__fmt_o.o)
 .debug_aranges
                0x00000798       0x20 /opt/microchip/xc32/v5.00/bin/bin/../../lib/gcc/pic32m/13.2.1/../../../../pic32m/lib/libc-musl.a(__fmt_s.o)
 .debug_aranges
                0x000007b8       0x20 /opt/microchip/xc32/v5.00/bin/bin/../../lib/gcc/pic32m/13.2.1/../../../../pic32m/lib/libc-musl.a(__fmt_u.o)
 .debug_aranges
                0x000007d8       0x20 /opt/microchip/xc32/v5.00/bin/bin/../../lib/gcc/pic32m/13.2.1/../../../../pic32m/lib/libc-musl.a(__fmt_x.o)
 .debug_aranges
                0x000007f8       0x28 /opt/microchip/xc32/v5.00/bin/bin/../../lib/gcc/pic32m/13.2.1/../../../../pic32m/lib/libc-musl.a(__init_stdio.o)
 .debug_aranges
                0x00000820       0x20 /opt/microchip/xc32/v5.00/bin/bin/../../lib/gcc/pic32m/13.2.1/../../../../pic32m/lib/libc-musl.a(__io_file_needed.o)
 .debug_aranges
                0x00000840       0x28 /opt/microchip/xc32/v5.00/bin/bin/../../lib/gcc/pic32m/13.2.1/../../../../pic32m/lib/libc-musl.a(toupper.o)
 .debug_aranges
                0x00000868       0x20 /opt/microchip/xc32/v5.00/bin/bin/../../lib/gcc/pic32m/13.2.1/../../../../pic32m/lib/libc-musl.a(__cvt_u.o)
 .debug_aranges
                0x00000888       0x30 /opt/microchip/xc32/v5.00/bin/bin/../../lib/gcc/pic32m/13.2.1/../../../../pic32m/lib/libm-musl.a(fma.o)
 .debug_aranges
                0x000008b8       0x20 /opt/microchip/xc32/v5.00/bin/bin/../../lib/gcc/pic32m/13.2.1/../../../../pic32m/lib/libm-musl.a(scalbn.o)
 .debug_aranges
                0x000008d8       0x20 /opt/microchip/xc32/v5.00/bin/bin/../../lib/gcc/pic32m/13.2.1/../../../../pic32m/lib/libpic32.a(_exit.o)
 .debug_aranges
                0x000008f8       0x20 /opt/microchip/xc32/v5.00/bin/bin/../../lib/gcc/pic32m/13.2.1/../../../../pic32m/lib/libpic32.a(write.o)
 .debug_aranges
                0x00000918       0x20 /opt/microchip/xc32/v5.00/bin/bin/../../lib/gcc/pic32m/13.2.1/../../../../pic32m/lib/libpic32.a(lseek.o)
 .debug_aranges
                0x00000938       0x20 /opt/microchip/xc32/v5.00/bin/bin/../../lib/gcc/pic32m/13.2.1/../../../../pic32m/lib/libpic32.a(close.o)
 .debug_aranges
                0x00000958       0x18 /opt/microchip/xc32/v5.00/bin/bin/../../lib/gcc/pic32m/13.2.1/../../../../pic32m/lib/libpic32.a(errno.o)
 .debug_aranges
                0x00000970       0x20 /opt/microchip/xc32/v5.00/bin/bin/../../lib/gcc/pic32m/13.2.1/../../../../pic32m/lib/libc-size-musl.a(memcpy.o)
 .debug_aranges
                0x00000990       0x20 /opt/microchip/xc32/v5.00/bin/bin/../../lib/gcc/pic32m/13.2.1/../../../../pic32m/lib/libc-size-musl.a(memset.o)
 .debug_aranges
                0x000009b0       0x20 /opt/microchip/xc32/v5.00/bin/bin/../../lib/gcc/pic32m/13.2.1/../../../../pic32m/lib/libc-size-musl.a(strlen.o)
 .debug_aranges
                0x000009d0       0x20 /opt/microchip/xc32/v5.00/bin/bin/../../lib/gcc/pic32m/13.2.1/../../../../pic32m/lib/libc-size-musl.a(strcpy.o)
 .debug_aranges
                0x000009f0       0x20 /opt/microchip/xc32/v5.00/bin/bin/../../lib/gcc/pic32m/13.2.1/../../../../pic32m/lib/libc-size-musl.a(stpcpy.o)
 .debug_aranges
                0x00000a10       0x20 /opt/microchip/xc32/v5.00/bin/bin/../../lib/gcc/pic32m/13.2.1/../../../../pic32m/lib/libe.a(_floatdidf.o)
 .debug_aranges
                0x00000a30       0x20 /opt/microchip/xc32/v5.00/bin/bin/../../lib/gcc/pic32m/13.2.1/libgcc.a(_lshrdi3.o)
 .debug_aranges
                0x00000a50       0x20 /opt/microchip/xc32/v5.00/bin/bin/../../lib/gcc/pic32m/13.2.1/libgcc.a(_ashldi3.o)
 .debug_aranges
                0x00000a70       0x20 /opt/microchip/xc32/v5.00/bin/bin/../../lib/gcc/pic32m/13.2.1/libgcc.a(_udivdi3.o)
 .debug_aranges
                0x00000a90       0x20 /opt/microchip/xc32/v5.00/bin/bin/../../lib/gcc/pic32m/13.2.1/libgcc.a(_umoddi3.o)

.debug_pubnames
 *.elf(.debug_pubnames)
 *(.debug_pubnames)

.debug_info     0x00000000    0x1029b
 *.elf(.debug_info .gnu.linkonce.wi.*)
 *(.debug_info .gnu.linkonce.wi.*)
 .debug_info    0x00000000      0x112 build/default/production/FrameworkSource/ES_CheckEvents.o
 .debug_info    0x00000112      0x1d6 build/default/production/FrameworkSource/ES_DeferRecall.o
 .debug_info    0x000002e8      0x660 build/default/production/FrameworkSource/ES_Framework.o
 .debug_info    0x00000948      0x151 build/default/production/FrameworkSource/ES_LookupTables.o
 .debug_info    0x00000a99      0xa26 build/default/production/FrameworkSource/ES_Port.o
 .debug_info    0x000014bf       0x79 build/default/production/FrameworkSource/ES_PostList.o
 .debug_info    0x00001538      0x341 build/default/production/FrameworkSource/ES_Queue.o
 .debug_info    0x00001879      0x480 build/default/production/FrameworkSource/ES_Timers.o
 .debug_info    0x00001cf9      0xa54 build/default/production/FrameworkSource/terminal.o
 .debug_info    0x0000274d      0x3a8 build/default/production/FrameworkSource/circular_buffer_no_modulo_threadsafe.o
 .debug_info    0x00002af5      0x1dd build/default/production/FrameworkSource/dbprintf.o
 .debug_info    0x00002cd2      0x64f build/default/production/ProjectSource/EventCheckers.o
 .debug_info    0x00003321      0x29e build/default/production/ProjectSource/TestHarnessService0.o
 .debug_info    0x000035bf      0x1c1 build/default/production/ProjectSource/main.o
 .debug_info    0x00003780      0x35d build/default/production/ProjectSource/ADService.o
 .debug_info    0x00003add      0x6c3 build/default/production/ProjectSource/PIC32_AD_Lib.o
 .debug_info    0x000041a0      0xb60 build/default/production/ProjectSource/DCMotorService.o
 .debug_info    0x00004d00     0x165d build/default/production/ProjectSource/PIC32_SPI_HAL.o
 .debug_info    0x0000635d      0xd26 build/default/production/ProjectSource/CommandRetrieveService.o
 .debug_info    0x00007083      0x4c1 build/default/production/ProjectSource/MainLogicFSM.o
 .debug_info    0x00007544      0x6c9 build/default/production/ProjectSource/Ports.o
 .debug_info    0x00007c0d      0x185 build/default/production/ProjectSource/CommonDefinitions.o
 .debug_info    0x00007d92       0xdb /opt/microchip/xc32/v5.00/bin/bin/../../lib/gcc/pic32m/13.2.1/libgcc.a(floatunsisf.o)
 .debug_info    0x00007e6d       0x72 /opt/microchip/xc32/v5.00/bin/bin/../../lib/gcc/pic32m/13.2.1/../../../../pic32m/lib/libpic32.a(default-bootstrap-exception-handler.o)
 .debug_info    0x00007edf       0x40 /opt/microchip/xc32/v5.00/bin/bin/../../lib/gcc/pic32m/13.2.1/../../../../pic32m/lib/libpic32.a(default-on-reset.o)
 .debug_info    0x00007f1f       0x40 /opt/microchip/xc32/v5.00/bin/bin/../../lib/gcc/pic32m/13.2.1/../../../../pic32m/lib/libpic32.a(default-on-bootstrap.o)
 .debug_info    0x00007f5f       0x38 /opt/microchip/xc32/v5.00/bin/bin/../../lib/gcc/pic32m/13.2.1/../../../../pic32m/lib/libpic32.a(xc32_uart.o)
 .debug_info    0x00007f97       0x72 /opt/microchip/xc32/v5.00/bin/bin/../../lib/gcc/pic32m/13.2.1/../../../../pic32m/lib/libpic32.a(default-general-exception-handler.o)
 .debug_info    0x00008009       0x9b /opt/microchip/xc32/v5.00/bin/bin/../../lib/gcc/pic32m/13.2.1/../../../../pic32m/lib/libpic32.a(defaultinterrupt.o)
 .debug_info    0x000080a4      0x1ae /opt/microchip/xc32/v5.00/bin/bin/../../lib/gcc/pic32m/13.2.1/../../../../pic32m/lib/libc-musl.a(assert.o)
 .debug_info    0x00008252       0x92 /opt/microchip/xc32/v5.00/bin/bin/../../lib/gcc/pic32m/13.2.1/../../../../pic32m/lib/libc-musl.a(abort.o)
 .debug_info    0x000082e4      0x148 /opt/microchip/xc32/v5.00/bin/bin/../../lib/gcc/pic32m/13.2.1/../../../../pic32m/lib/libc-musl.a(fprintf.o)
 .debug_info    0x0000842c      0x2ce /opt/microchip/xc32/v5.00/bin/bin/../../lib/gcc/pic32m/13.2.1/../../../../pic32m/lib/libc-musl.a(fflush.o)
 .debug_info    0x000086fa      0x411 /opt/microchip/xc32/v5.00/bin/bin/../../lib/gcc/pic32m/13.2.1/../../../../pic32m/lib/libc-musl.a(vfprintf.o)
 .debug_info    0x00008b0b      0x44a /opt/microchip/xc32/v5.00/bin/bin/../../lib/gcc/pic32m/13.2.1/../../../../pic32m/lib/libc-musl.a(stderr.o)
 .debug_info    0x00008f55       0xe9 /opt/microchip/xc32/v5.00/bin/bin/../../lib/gcc/pic32m/13.2.1/../../../../pic32m/lib/libc-musl.a(putchar.o)
 .debug_info    0x0000903e      0x3c7 /opt/microchip/xc32/v5.00/bin/bin/../../lib/gcc/pic32m/13.2.1/../../../../pic32m/lib/libc-musl.a(puts.o)
 .debug_info    0x00009405       0xb5 /opt/microchip/xc32/v5.00/bin/bin/../../lib/gcc/pic32m/13.2.1/../../../../pic32m/lib/libc-musl.a(_Exit.o)
 .debug_info    0x000094ba      0x3d7 /opt/microchip/xc32/v5.00/bin/bin/../../lib/gcc/pic32m/13.2.1/../../../../pic32m/lib/libc-musl.a(fputs.o)
 .debug_info    0x00009891      0x191 /opt/microchip/xc32/v5.00/bin/bin/../../lib/gcc/pic32m/13.2.1/../../../../pic32m/lib/libc-musl.a(__io_fmt_needed.o)
 .debug_info    0x00009a22       0xe2 /opt/microchip/xc32/v5.00/bin/bin/../../lib/gcc/pic32m/13.2.1/../../../../pic32m/lib/libc-musl.a(__io_init_needed.o)
 .debug_info    0x00009b04      0x2fd /opt/microchip/xc32/v5.00/bin/bin/../../lib/gcc/pic32m/13.2.1/../../../../pic32m/lib/libc-musl.a(__out.o)
 .debug_info    0x00009e01      0x13b /opt/microchip/xc32/v5.00/bin/bin/../../lib/gcc/pic32m/13.2.1/../../../../pic32m/lib/libc-musl.a(__pop_float.o)
 .debug_info    0x00009f3c      0x155 /opt/microchip/xc32/v5.00/bin/bin/../../lib/gcc/pic32m/13.2.1/../../../../pic32m/lib/libc-musl.a(__pop_int.o)
 .debug_info    0x0000a091      0x165 /opt/microchip/xc32/v5.00/bin/bin/../../lib/gcc/pic32m/13.2.1/../../../../pic32m/lib/libc-musl.a(__pop_ptr.o)
 .debug_info    0x0000a1f6      0xac9 /opt/microchip/xc32/v5.00/bin/bin/../../lib/gcc/pic32m/13.2.1/../../../../pic32m/lib/libc-musl.a(__printf_core.o)
 .debug_info    0x0000acbf      0x418 /opt/microchip/xc32/v5.00/bin/bin/../../lib/gcc/pic32m/13.2.1/../../../../pic32m/lib/libc-musl.a(__stdio_close.o)
 .debug_info    0x0000b0d7      0x289 /opt/microchip/xc32/v5.00/bin/bin/../../lib/gcc/pic32m/13.2.1/../../../../pic32m/lib/libc-musl.a(fwrite.o)
 .debug_info    0x0000b360      0x240 /opt/microchip/xc32/v5.00/bin/bin/../../lib/gcc/pic32m/13.2.1/../../../../pic32m/lib/libc-musl.a(putc.o)
 .debug_info    0x0000b5a0      0x44e /opt/microchip/xc32/v5.00/bin/bin/../../lib/gcc/pic32m/13.2.1/../../../../pic32m/lib/libc-musl.a(stdout.o)
 .debug_info    0x0000b9ee       0xef /opt/microchip/xc32/v5.00/bin/bin/../../lib/gcc/pic32m/13.2.1/../../../../pic32m/lib/libc-musl.a(atoi.o)
 .debug_info    0x0000badd      0x11e /opt/microchip/xc32/v5.00/bin/bin/../../lib/gcc/pic32m/13.2.1/../../../../pic32m/lib/libc-musl.a(tolower.o)
 .debug_info    0x0000bbfb      0x77d /opt/microchip/xc32/v5.00/bin/bin/../../lib/gcc/pic32m/13.2.1/../../../../pic32m/lib/libc-musl.a(__fmt_a.o)
 .debug_info    0x0000c378      0x36d /opt/microchip/xc32/v5.00/bin/bin/../../lib/gcc/pic32m/13.2.1/../../../../pic32m/lib/libc-musl.a(__fmt_d.o)
 .debug_info    0x0000c6e5      0x782 /opt/microchip/xc32/v5.00/bin/bin/../../lib/gcc/pic32m/13.2.1/../../../../pic32m/lib/libc-musl.a(__fmt_fp.o)
 .debug_info    0x0000ce67      0x33e /opt/microchip/xc32/v5.00/bin/bin/../../lib/gcc/pic32m/13.2.1/../../../../pic32m/lib/libc-musl.a(__fmt_o.o)
 .debug_info    0x0000d1a5      0x2dc /opt/microchip/xc32/v5.00/bin/bin/../../lib/gcc/pic32m/13.2.1/../../../../pic32m/lib/libc-musl.a(__fmt_s.o)
 .debug_info    0x0000d481      0x33e /opt/microchip/xc32/v5.00/bin/bin/../../lib/gcc/pic32m/13.2.1/../../../../pic32m/lib/libc-musl.a(__fmt_u.o)
 .debug_info    0x0000d7bf      0x34e /opt/microchip/xc32/v5.00/bin/bin/../../lib/gcc/pic32m/13.2.1/../../../../pic32m/lib/libc-musl.a(__fmt_x.o)
 .debug_info    0x0000db0d       0xbd /opt/microchip/xc32/v5.00/bin/bin/../../lib/gcc/pic32m/13.2.1/../../../../pic32m/lib/libc-musl.a(__init_stdio.o)
 .debug_info    0x0000dbca       0xaf /opt/microchip/xc32/v5.00/bin/bin/../../lib/gcc/pic32m/13.2.1/../../../../pic32m/lib/libc-musl.a(__io_file_needed.o)
 .debug_info    0x0000dc79      0x11e /opt/microchip/xc32/v5.00/bin/bin/../../lib/gcc/pic32m/13.2.1/../../../../pic32m/lib/libc-musl.a(toupper.o)
 .debug_info    0x0000dd97      0x1fa /opt/microchip/xc32/v5.00/bin/bin/../../lib/gcc/pic32m/13.2.1/../../../../pic32m/lib/libc-musl.a(__cvt_u.o)
 .debug_info    0x0000df91      0x6a6 /opt/microchip/xc32/v5.00/bin/bin/../../lib/gcc/pic32m/13.2.1/../../../../pic32m/lib/libm-musl.a(fma.o)
 .debug_info    0x0000e637      0x147 /opt/microchip/xc32/v5.00/bin/bin/../../lib/gcc/pic32m/13.2.1/../../../../pic32m/lib/libm-musl.a(scalbn.o)
 .debug_info    0x0000e77e       0x60 /opt/microchip/xc32/v5.00/bin/bin/../../lib/gcc/pic32m/13.2.1/../../../../pic32m/lib/libpic32.a(_exit.o)
 .debug_info    0x0000e7de      0x113 /opt/microchip/xc32/v5.00/bin/bin/../../lib/gcc/pic32m/13.2.1/../../../../pic32m/lib/libpic32.a(write.o)
 .debug_info    0x0000e8f1       0xc4 /opt/microchip/xc32/v5.00/bin/bin/../../lib/gcc/pic32m/13.2.1/../../../../pic32m/lib/libpic32.a(lseek.o)
 .debug_info    0x0000e9b5       0x9d /opt/microchip/xc32/v5.00/bin/bin/../../lib/gcc/pic32m/13.2.1/../../../../pic32m/lib/libpic32.a(close.o)
 .debug_info    0x0000ea52       0x41 /opt/microchip/xc32/v5.00/bin/bin/../../lib/gcc/pic32m/13.2.1/../../../../pic32m/lib/libpic32.a(errno.o)
 .debug_info    0x0000ea93       0xff /opt/microchip/xc32/v5.00/bin/bin/../../lib/gcc/pic32m/13.2.1/../../../../pic32m/lib/libc-size-musl.a(memcpy.o)
 .debug_info    0x0000eb92       0xc8 /opt/microchip/xc32/v5.00/bin/bin/../../lib/gcc/pic32m/13.2.1/../../../../pic32m/lib/libc-size-musl.a(memset.o)
 .debug_info    0x0000ec5a       0xa4 /opt/microchip/xc32/v5.00/bin/bin/../../lib/gcc/pic32m/13.2.1/../../../../pic32m/lib/libc-size-musl.a(strlen.o)
 .debug_info    0x0000ecfe       0xdd /opt/microchip/xc32/v5.00/bin/bin/../../lib/gcc/pic32m/13.2.1/../../../../pic32m/lib/libc-size-musl.a(strcpy.o)
 .debug_info    0x0000eddb       0xb3 /opt/microchip/xc32/v5.00/bin/bin/../../lib/gcc/pic32m/13.2.1/../../../../pic32m/lib/libc-size-musl.a(stpcpy.o)
 .debug_info    0x0000ee8e      0x2b4 /opt/microchip/xc32/v5.00/bin/bin/../../lib/gcc/pic32m/13.2.1/../../../../pic32m/lib/libe.a(_floatdidf.o)
 .debug_info    0x0000f142      0x1ab /opt/microchip/xc32/v5.00/bin/bin/../../lib/gcc/pic32m/13.2.1/libgcc.a(_lshrdi3.o)
 .debug_info    0x0000f2ed      0x1ab /opt/microchip/xc32/v5.00/bin/bin/../../lib/gcc/pic32m/13.2.1/libgcc.a(_ashldi3.o)
 .debug_info    0x0000f498      0x6c0 /opt/microchip/xc32/v5.00/bin/bin/../../lib/gcc/pic32m/13.2.1/libgcc.a(_udivdi3.o)
 .debug_info    0x0000fb58      0x743 /opt/microchip/xc32/v5.00/bin/bin/../../lib/gcc/pic32m/13.2.1/libgcc.a(_umoddi3.o)

.debug_abbrev   0x00000000     0x5ab4
 *.elf(.debug_abbrev)
 *(.debug_abbrev)
 .debug_abbrev  0x00000000       0xb7 build/default/production/FrameworkSource/ES_CheckEvents.o
 .debug_abbrev  0x000000b7       0xeb build/default/production/FrameworkSource/ES_DeferRecall.o
 .debug_abbrev  0x000001a2      0x1d8 build/default/production/FrameworkSource/ES_Framework.o
 .debug_abbrev  0x0000037a       0xb2 build/default/production/FrameworkSource/ES_LookupTables.o
 .debug_abbrev  0x0000042c      0x214 build/default/production/FrameworkSource/ES_Port.o
 .debug_abbrev  0x00000640       0x26 build/default/production/FrameworkSource/ES_PostList.o
 .debug_abbrev  0x00000666      0x10f build/default/production/FrameworkSource/ES_Queue.o
 .debug_abbrev  0x00000775      0x1e2 build/default/production/FrameworkSource/ES_Timers.o
 .debug_abbrev  0x00000957      0x1f4 build/default/production/FrameworkSource/terminal.o
 .debug_abbrev  0x00000b4b      0x173 build/default/production/FrameworkSource/circular_buffer_no_modulo_threadsafe.o
 .debug_abbrev  0x00000cbe      0x108 build/default/production/FrameworkSource/dbprintf.o
 .debug_abbrev  0x00000dc6      0x19c build/default/production/ProjectSource/EventCheckers.o
 .debug_abbrev  0x00000f62      0x133 build/default/production/ProjectSource/TestHarnessService0.o
 .debug_abbrev  0x00001095      0x121 build/default/production/ProjectSource/main.o
 .debug_abbrev  0x000011b6      0x15e build/default/production/ProjectSource/ADService.o
 .debug_abbrev  0x00001314      0x163 build/default/production/ProjectSource/PIC32_AD_Lib.o
 .debug_abbrev  0x00001477      0x2a0 build/default/production/ProjectSource/DCMotorService.o
 .debug_abbrev  0x00001717      0x251 build/default/production/ProjectSource/PIC32_SPI_HAL.o
 .debug_abbrev  0x00001968      0x2a1 build/default/production/ProjectSource/CommandRetrieveService.o
 .debug_abbrev  0x00001c09      0x1a3 build/default/production/ProjectSource/MainLogicFSM.o
 .debug_abbrev  0x00001dac       0xe2 build/default/production/ProjectSource/Ports.o
 .debug_abbrev  0x00001e8e      0x106 build/default/production/ProjectSource/CommonDefinitions.o
 .debug_abbrev  0x00001f94       0x98 /opt/microchip/xc32/v5.00/bin/bin/../../lib/gcc/pic32m/13.2.1/libgcc.a(floatunsisf.o)
 .debug_abbrev  0x0000202c       0x7d /opt/microchip/xc32/v5.00/bin/bin/../../lib/gcc/pic32m/13.2.1/../../../../pic32m/lib/libpic32.a(default-bootstrap-exception-handler.o)
 .debug_abbrev  0x000020a9       0x30 /opt/microchip/xc32/v5.00/bin/bin/../../lib/gcc/pic32m/13.2.1/../../../../pic32m/lib/libpic32.a(default-on-reset.o)
 .debug_abbrev  0x000020d9       0x30 /opt/microchip/xc32/v5.00/bin/bin/../../lib/gcc/pic32m/13.2.1/../../../../pic32m/lib/libpic32.a(default-on-bootstrap.o)
 .debug_abbrev  0x00002109       0x2e /opt/microchip/xc32/v5.00/bin/bin/../../lib/gcc/pic32m/13.2.1/../../../../pic32m/lib/libpic32.a(xc32_uart.o)
 .debug_abbrev  0x00002137       0x7d /opt/microchip/xc32/v5.00/bin/bin/../../lib/gcc/pic32m/13.2.1/../../../../pic32m/lib/libpic32.a(default-general-exception-handler.o)
 .debug_abbrev  0x000021b4       0x93 /opt/microchip/xc32/v5.00/bin/bin/../../lib/gcc/pic32m/13.2.1/../../../../pic32m/lib/libpic32.a(defaultinterrupt.o)
 .debug_abbrev  0x00002247       0xf5 /opt/microchip/xc32/v5.00/bin/bin/../../lib/gcc/pic32m/13.2.1/../../../../pic32m/lib/libc-musl.a(assert.o)
 .debug_abbrev  0x0000233c       0x7d /opt/microchip/xc32/v5.00/bin/bin/../../lib/gcc/pic32m/13.2.1/../../../../pic32m/lib/libc-musl.a(abort.o)
 .debug_abbrev  0x000023b9       0xfb /opt/microchip/xc32/v5.00/bin/bin/../../lib/gcc/pic32m/13.2.1/../../../../pic32m/lib/libc-musl.a(fprintf.o)
 .debug_abbrev  0x000024b4      0x199 /opt/microchip/xc32/v5.00/bin/bin/../../lib/gcc/pic32m/13.2.1/../../../../pic32m/lib/libc-musl.a(fflush.o)
 .debug_abbrev  0x0000264d      0x191 /opt/microchip/xc32/v5.00/bin/bin/../../lib/gcc/pic32m/13.2.1/../../../../pic32m/lib/libc-musl.a(vfprintf.o)
 .debug_abbrev  0x000027de      0x1ea /opt/microchip/xc32/v5.00/bin/bin/../../lib/gcc/pic32m/13.2.1/../../../../pic32m/lib/libc-musl.a(stderr.o)
 .debug_abbrev  0x000029c8       0xcf /opt/microchip/xc32/v5.00/bin/bin/../../lib/gcc/pic32m/13.2.1/../../../../pic32m/lib/libc-musl.a(putchar.o)
 .debug_abbrev  0x00002a97      0x15a /opt/microchip/xc32/v5.00/bin/bin/../../lib/gcc/pic32m/13.2.1/../../../../pic32m/lib/libc-musl.a(puts.o)
 .debug_abbrev  0x00002bf1       0x93 /opt/microchip/xc32/v5.00/bin/bin/../../lib/gcc/pic32m/13.2.1/../../../../pic32m/lib/libc-musl.a(_Exit.o)
 .debug_abbrev  0x00002c84      0x14c /opt/microchip/xc32/v5.00/bin/bin/../../lib/gcc/pic32m/13.2.1/../../../../pic32m/lib/libc-musl.a(fputs.o)
 .debug_abbrev  0x00002dd0       0x77 /opt/microchip/xc32/v5.00/bin/bin/../../lib/gcc/pic32m/13.2.1/../../../../pic32m/lib/libc-musl.a(__io_fmt_needed.o)
 .debug_abbrev  0x00002e47       0x9b /opt/microchip/xc32/v5.00/bin/bin/../../lib/gcc/pic32m/13.2.1/../../../../pic32m/lib/libc-musl.a(__io_init_needed.o)
 .debug_abbrev  0x00002ee2      0x19a /opt/microchip/xc32/v5.00/bin/bin/../../lib/gcc/pic32m/13.2.1/../../../../pic32m/lib/libc-musl.a(__out.o)
 .debug_abbrev  0x0000307c       0xc6 /opt/microchip/xc32/v5.00/bin/bin/../../lib/gcc/pic32m/13.2.1/../../../../pic32m/lib/libc-musl.a(__pop_float.o)
 .debug_abbrev  0x00003142       0xd7 /opt/microchip/xc32/v5.00/bin/bin/../../lib/gcc/pic32m/13.2.1/../../../../pic32m/lib/libc-musl.a(__pop_int.o)
 .debug_abbrev  0x00003219       0xda /opt/microchip/xc32/v5.00/bin/bin/../../lib/gcc/pic32m/13.2.1/../../../../pic32m/lib/libc-musl.a(__pop_ptr.o)
 .debug_abbrev  0x000032f3      0x343 /opt/microchip/xc32/v5.00/bin/bin/../../lib/gcc/pic32m/13.2.1/../../../../pic32m/lib/libc-musl.a(__printf_core.o)
 .debug_abbrev  0x00003636      0x17c /opt/microchip/xc32/v5.00/bin/bin/../../lib/gcc/pic32m/13.2.1/../../../../pic32m/lib/libc-musl.a(__stdio_close.o)
 .debug_abbrev  0x000037b2      0x149 /opt/microchip/xc32/v5.00/bin/bin/../../lib/gcc/pic32m/13.2.1/../../../../pic32m/lib/libc-musl.a(fwrite.o)
 .debug_abbrev  0x000038fb      0x16d /opt/microchip/xc32/v5.00/bin/bin/../../lib/gcc/pic32m/13.2.1/../../../../pic32m/lib/libc-musl.a(putc.o)
 .debug_abbrev  0x00003a68      0x1d6 /opt/microchip/xc32/v5.00/bin/bin/../../lib/gcc/pic32m/13.2.1/../../../../pic32m/lib/libc-musl.a(stdout.o)
 .debug_abbrev  0x00003c3e       0xc4 /opt/microchip/xc32/v5.00/bin/bin/../../lib/gcc/pic32m/13.2.1/../../../../pic32m/lib/libc-musl.a(atoi.o)
 .debug_abbrev  0x00003d02       0xf4 /opt/microchip/xc32/v5.00/bin/bin/../../lib/gcc/pic32m/13.2.1/../../../../pic32m/lib/libc-musl.a(tolower.o)
 .debug_abbrev  0x00003df6      0x1eb /opt/microchip/xc32/v5.00/bin/bin/../../lib/gcc/pic32m/13.2.1/../../../../pic32m/lib/libc-musl.a(__fmt_a.o)
 .debug_abbrev  0x00003fe1      0x16b /opt/microchip/xc32/v5.00/bin/bin/../../lib/gcc/pic32m/13.2.1/../../../../pic32m/lib/libc-musl.a(__fmt_d.o)
 .debug_abbrev  0x0000414c      0x1ee /opt/microchip/xc32/v5.00/bin/bin/../../lib/gcc/pic32m/13.2.1/../../../../pic32m/lib/libc-musl.a(__fmt_fp.o)
 .debug_abbrev  0x0000433a      0x16b /opt/microchip/xc32/v5.00/bin/bin/../../lib/gcc/pic32m/13.2.1/../../../../pic32m/lib/libc-musl.a(__fmt_o.o)
 .debug_abbrev  0x000044a5      0x15b /opt/microchip/xc32/v5.00/bin/bin/../../lib/gcc/pic32m/13.2.1/../../../../pic32m/lib/libc-musl.a(__fmt_s.o)
 .debug_abbrev  0x00004600      0x16b /opt/microchip/xc32/v5.00/bin/bin/../../lib/gcc/pic32m/13.2.1/../../../../pic32m/lib/libc-musl.a(__fmt_u.o)
 .debug_abbrev  0x0000476b      0x15a /opt/microchip/xc32/v5.00/bin/bin/../../lib/gcc/pic32m/13.2.1/../../../../pic32m/lib/libc-musl.a(__fmt_x.o)
 .debug_abbrev  0x000048c5       0x71 /opt/microchip/xc32/v5.00/bin/bin/../../lib/gcc/pic32m/13.2.1/../../../../pic32m/lib/libc-musl.a(__init_stdio.o)
 .debug_abbrev  0x00004936       0x6c /opt/microchip/xc32/v5.00/bin/bin/../../lib/gcc/pic32m/13.2.1/../../../../pic32m/lib/libc-musl.a(__io_file_needed.o)
 .debug_abbrev  0x000049a2       0xf4 /opt/microchip/xc32/v5.00/bin/bin/../../lib/gcc/pic32m/13.2.1/../../../../pic32m/lib/libc-musl.a(toupper.o)
 .debug_abbrev  0x00004a96       0xfe /opt/microchip/xc32/v5.00/bin/bin/../../lib/gcc/pic32m/13.2.1/../../../../pic32m/lib/libc-musl.a(__cvt_u.o)
 .debug_abbrev  0x00004b94      0x25c /opt/microchip/xc32/v5.00/bin/bin/../../lib/gcc/pic32m/13.2.1/../../../../pic32m/lib/libm-musl.a(fma.o)
 .debug_abbrev  0x00004df0       0xc7 /opt/microchip/xc32/v5.00/bin/bin/../../lib/gcc/pic32m/13.2.1/../../../../pic32m/lib/libm-musl.a(scalbn.o)
 .debug_abbrev  0x00004eb7       0x51 /opt/microchip/xc32/v5.00/bin/bin/../../lib/gcc/pic32m/13.2.1/../../../../pic32m/lib/libpic32.a(_exit.o)
 .debug_abbrev  0x00004f08       0xdd /opt/microchip/xc32/v5.00/bin/bin/../../lib/gcc/pic32m/13.2.1/../../../../pic32m/lib/libpic32.a(write.o)
 .debug_abbrev  0x00004fe5       0x7e /opt/microchip/xc32/v5.00/bin/bin/../../lib/gcc/pic32m/13.2.1/../../../../pic32m/lib/libpic32.a(lseek.o)
 .debug_abbrev  0x00005063       0x7c /opt/microchip/xc32/v5.00/bin/bin/../../lib/gcc/pic32m/13.2.1/../../../../pic32m/lib/libpic32.a(close.o)
 .debug_abbrev  0x000050df       0x3d /opt/microchip/xc32/v5.00/bin/bin/../../lib/gcc/pic32m/13.2.1/../../../../pic32m/lib/libpic32.a(errno.o)
 .debug_abbrev  0x0000511c       0xaa /opt/microchip/xc32/v5.00/bin/bin/../../lib/gcc/pic32m/13.2.1/../../../../pic32m/lib/libc-size-musl.a(memcpy.o)
 .debug_abbrev  0x000051c6       0x91 /opt/microchip/xc32/v5.00/bin/bin/../../lib/gcc/pic32m/13.2.1/../../../../pic32m/lib/libc-size-musl.a(memset.o)
 .debug_abbrev  0x00005257       0x91 /opt/microchip/xc32/v5.00/bin/bin/../../lib/gcc/pic32m/13.2.1/../../../../pic32m/lib/libc-size-musl.a(strlen.o)
 .debug_abbrev  0x000052e8       0xb5 /opt/microchip/xc32/v5.00/bin/bin/../../lib/gcc/pic32m/13.2.1/../../../../pic32m/lib/libc-size-musl.a(strcpy.o)
 .debug_abbrev  0x0000539d       0x6e /opt/microchip/xc32/v5.00/bin/bin/../../lib/gcc/pic32m/13.2.1/../../../../pic32m/lib/libc-size-musl.a(stpcpy.o)
 .debug_abbrev  0x0000540b      0x135 /opt/microchip/xc32/v5.00/bin/bin/../../lib/gcc/pic32m/13.2.1/../../../../pic32m/lib/libe.a(_floatdidf.o)
 .debug_abbrev  0x00005540      0x121 /opt/microchip/xc32/v5.00/bin/bin/../../lib/gcc/pic32m/13.2.1/libgcc.a(_lshrdi3.o)
 .debug_abbrev  0x00005661      0x121 /opt/microchip/xc32/v5.00/bin/bin/../../lib/gcc/pic32m/13.2.1/libgcc.a(_ashldi3.o)
 .debug_abbrev  0x00005782      0x198 /opt/microchip/xc32/v5.00/bin/bin/../../lib/gcc/pic32m/13.2.1/libgcc.a(_udivdi3.o)
 .debug_abbrev  0x0000591a      0x19a /opt/microchip/xc32/v5.00/bin/bin/../../lib/gcc/pic32m/13.2.1/libgcc.a(_umoddi3.o)

.debug_line     0x00000000     0x8f2b
 *.elf(.debug_line)
 *(.debug_line)
 .debug_line    0x00000000       0xfe build/default/production/FrameworkSource/ES_CheckEvents.o
 .debug_line    0x000000fe      0x106 build/default/production/FrameworkSource/ES_DeferRecall.o
 .debug_line    0x00000204      0x2db build/default/production/FrameworkSource/ES_Framework.o
 .debug_line    0x000004df       0xd1 build/default/production/FrameworkSource/ES_LookupTables.o
 .debug_line    0x000005b0      0x226 build/default/production/FrameworkSource/ES_Port.o
 .debug_line    0x000007d6       0x3e build/default/production/FrameworkSource/ES_PostList.o
 .debug_line    0x00000814      0x211 build/default/production/FrameworkSource/ES_Queue.o
 .debug_line    0x00000a25      0x249 build/default/production/FrameworkSource/ES_Timers.o
 .debug_line    0x00000c6e      0x213 build/default/production/FrameworkSource/terminal.o
 .debug_line    0x00000e81      0x207 build/default/production/FrameworkSource/circular_buffer_no_modulo_threadsafe.o
 .debug_line    0x00001088      0x1ed build/default/production/FrameworkSource/dbprintf.o
 .debug_line    0x00001275      0x1e4 build/default/production/ProjectSource/EventCheckers.o
 .debug_line    0x00001459      0x1a0 build/default/production/ProjectSource/TestHarnessService0.o
 .debug_line    0x000015f9       0xef build/default/production/ProjectSource/main.o
 .debug_line    0x000016e8      0x1ae build/default/production/ProjectSource/ADService.o
 .debug_line    0x00001896      0x183 build/default/production/ProjectSource/PIC32_AD_Lib.o
 .debug_line    0x00001a19      0x2b3 build/default/production/ProjectSource/DCMotorService.o
 .debug_line    0x00001ccc      0x57c build/default/production/ProjectSource/PIC32_SPI_HAL.o
 .debug_line    0x00002248      0x2f4 build/default/production/ProjectSource/CommandRetrieveService.o
 .debug_line    0x0000253c      0x385 build/default/production/ProjectSource/MainLogicFSM.o
 .debug_line    0x000028c1      0x12e build/default/production/ProjectSource/Ports.o
 .debug_line    0x000029ef       0xf1 build/default/production/ProjectSource/CommonDefinitions.o
 .debug_line    0x00002ae0       0xa6 /opt/microchip/xc32/v5.00/bin/bin/../../lib/gcc/pic32m/13.2.1/libgcc.a(floatunsisf.o)
 .debug_line    0x00002b86       0xe2 /opt/microchip/xc32/v5.00/bin/bin/../../lib/gcc/pic32m/13.2.1/../../../../pic32m/lib/libpic32.a(default-bootstrap-exception-handler.o)
 .debug_line    0x00002c68       0xa5 /opt/microchip/xc32/v5.00/bin/bin/../../lib/gcc/pic32m/13.2.1/../../../../pic32m/lib/libpic32.a(default-on-reset.o)
 .debug_line    0x00002d0d       0xa9 /opt/microchip/xc32/v5.00/bin/bin/../../lib/gcc/pic32m/13.2.1/../../../../pic32m/lib/libpic32.a(default-on-bootstrap.o)
 .debug_line    0x00002db6       0x8c /opt/microchip/xc32/v5.00/bin/bin/../../lib/gcc/pic32m/13.2.1/../../../../pic32m/lib/libpic32.a(xc32_uart.o)